<html>
<body>
<pre>
<h1>礦ision Build Log</h1>
<h2>Tool Versions:</h2>
IDE-Version: μVision V5.27.1.0
Copyright (C) 2019 ARM Ltd and ARM Germany GmbH. All rights reserved.
License Information: x 高程博, x, LIC=RC9X7-E4A48-Z8RFH-WIQMS-4AUNX-7HDUN
 
Tool Versions:
Toolchain:       MDK-ARM Plus  Version: 5.27.1.0
Toolchain Path:  D:\Program Files\Keil5\ARM\ARMCC\Bin
C Compiler:      Armcc.exe V5.06 update 6 (build 750)
Assembler:       Armasm.exe V5.06 update 6 (build 750)
Linker/Locator:  ArmLink.exe V5.06 update 6 (build 750)
Library Manager: ArmAr.exe V5.06 update 6 (build 750)
Hex Converter:   FromElf.exe V5.06 update 6 (build 750)
CPU DLL:         SARMCM3.DLL V5.27.1.0
Dialog DLL:      DCM.DLL V1.17.2.0
Target DLL:      UL2CM3.DLL V1.162.15.0
Dialog DLL:      TCM.DLL V1.36.1.0
 
<h2>Project:</h2>
E:\Documents\Documents\GUETCODE\Odin\Odin.uvprojx
Project File Date:  10/23/2019

<h2>Output:</h2>
*** Using Compiler 'V5.06 update 6 (build 750)', folder: 'D:\Program Files\Keil5\ARM\ARMCC\Bin'
Rebuild target 'Odin'
compiling adrc.c...
compiling cali.c...
compiling cansend.c...
compiling auto_task.c...
compiling auto_auxiliary.c...
compiling auto_uav.c...
compiling chassis.c...
Applications\chassis.c(38): warning:  #1035-D: single-precision operand implicitly converted to double-precision
  	chassisData.speedLimitFloor = chassisData.speedLimit * parameter[CHASSIS_RC_SPEED]*REAL_MOTOR_SPEED_SCALE;
Applications\chassis.c(41): warning:  #1035-D: single-precision operand implicitly converted to double-precision
  		chassisData.speedFbd[i] = (float)wheelData[i].speed * REAL_MOTOR_SPEED_SCALE;
Applications\chassis.c(117): warning:  #1035-D: single-precision operand implicitly converted to double-precision
  						 chassisData.speedLimit * parameter[CHASSIS_RC_SPEED]*REAL_MOTOR_SPEED_SCALE, chassisData.speedRef);        //麦轮解算得到四个轮子的期望速度
Applications\chassis.c(123): warning:  #1035-D: single-precision operand implicitly converted to double-precision
  						 chassisData.speedLimit * parameter[CHASSIS_RC_SPEED] * REAL_MOTOR_SPEED_SCALE, chassisData.speedRef);        //麦轮解算得到四个轮子的期望速度
Applications\chassis.c(128): warning:  #1035-D: single-precision operand implicitly converted to double-precision
  							 chassisData.speedLimit * parameter[CHASSIS_RC_SPEED] * REAL_MOTOR_SPEED_SCALE, chassisData.speedRef);    //麦轮解算得到四个轮子的期望速度	
Applications\chassis.c(240): warning:  #1035-D: single-precision operand implicitly converted to double-precision
  	chassisData.manualSpeedTarget.z = chassisData.manualSpeedTarget.z * REAL_MOTOR_SPEED_SCALE;		 									
Applications\chassis.c: 6 warnings, 0 errors
compiling auto_tank.c...
compiling auto_infantry.c...
compiling auto_sentry.c...
Applications\auto_sentry.c(478): warning:  #1035-D: single-precision operand implicitly converted to double-precision
  		chassisData.landingSpeedy = (float)chassisData.landingSpeedy * REAL_MOTOR_SPEED_SCALE / 1.0f;
Applications\auto_sentry.c(536): warning:  #1035-D: single-precision operand implicitly converted to double-precision
  		  chassisData.landingSpeedy = (float)chassisData.landingSpeedy * REAL_MOTOR_SPEED_SCALE / 1.0f;
Applications\auto_sentry.c(540): warning:  #1035-D: single-precision operand implicitly converted to double-precision
  		  chassisData.landingSpeedy = -(float)chassisData.landingSpeedy * REAL_MOTOR_SPEED_SCALE / 1.0f;
Applications\auto_sentry.c: 3 warnings, 0 errors
compiling app_Init.c...
compiling config.c...
compiling clockcount.c...
compiling differential_calculation.c...
compiling imu.c...
compiling judge.c...
compiling local_id.c...
compiling deforming.c...
Applications\ramp.h(5): warning:  #47-D: incompatible redefinition of macro "PI"  (declared at line 29 of "D:\Program Files\Keil5\ARM\ARMCC\Bin\..\include\math.h")
  #define PI					3.14159265358979f
Applications\deforming.c: 1 warning, 0 errors
compiling gimbal.c...
Applications\ramp.h(5): warning:  #47-D: incompatible redefinition of macro "PI"  (declared at line 29 of "D:\Program Files\Keil5\ARM\ARMCC\Bin\..\include\math.h")
  #define PI					3.14159265358979f
Applications\gimbal.c: 1 warning, 0 errors
compiling keyboard.c...
Applications\ramp.h(5): warning:  #47-D: incompatible redefinition of macro "PI"  (declared at line 29 of "D:\Program Files\Keil5\ARM\ARMCC\Bin\..\include\math.h")
  #define PI					3.14159265358979f
Applications\keyboard.c: 1 warning, 0 errors
compiling control.c...
compiling data_transmission.c...
compiling pid.c...
compiling parameter.c...
compiling pneumatic.c...
compiling processing.c...
compiling main.c...
compiling rc.c...
Applications\rc.c(40): warning:  #1035-D: single-precision operand implicitly converted to double-precision
  												 parameter[CHASSIS_RC_SPEED] * REAL_MOTOR_SPEED_SCALE;
Applications\rc.c(42): warning:  #1035-D: single-precision operand implicitly converted to double-precision
  												 parameter[CHASSIS_RC_SPEED] * REAL_MOTOR_SPEED_SCALE;
Applications\rc.c(44): warning:  #1035-D: single-precision operand implicitly converted to double-precision
  												 parameter[CHASSIS_RC_SPEED] * REAL_MOTOR_SPEED_SCALE;
Applications\rc.c: 3 warnings, 0 errors
compiling tf_card_parameter.c...
compiling shoot.c...
compiling slave_sensor.c...
compiling supply.c...
compiling power.c...
compiling Driver_ADC.c...
compiling Driver_ClockCount.c...
compiling vision_ukf.c...
compiling Driver_Beep.c...
compiling type_robot.c...
compiling supervisor.c...
compiling warning.c...
compiling Driver_DTU.c...
compiling Driver_Flash.c...
compiling Driver_ITV.c...
compiling Driver_Motor_Dshot.c...
compiling Driver_Multi_Master.c...
compiling Driver_DMMotor.c...
compiling vision.c...
Applications\ramp.h(5): warning:  #47-D: incompatible redefinition of macro "PI"  (declared at line 29 of "D:\Program Files\Keil5\ARM\ARMCC\Bin\..\include\math.h")
  #define PI					3.14159265358979f
Applications\vision.c: 1 warning, 0 errors
compiling Driver_Judge.c...
compiling wireless.c...
compiling Driver_MPU6500.c...
compiling Driver_RMDT7.c...
compiling Driver_RMMotor.c...
compiling Driver_VL53L0X.c...
compiling Driver_SK6812.c...
compiling Driver_Coder.c...
compiling Driver_SDCard.c...
compiling Driver_Power.c...
compiling Driver_RMOLED.c...
compiling Driver_Slave_Sensor.c...
compiling Driver_powerContol.c...
compiling BSP_Flash.c...
compiling BSP_GPIO.c...
compiling Driver_USBVCP.c...
compiling BSP_EXIT.c...
compiling BSP_CAN.c...
compiling BSP_DMA.c...
compiling BSP_PWM.c...
compiling BSP_WatchDog.c...
compiling BSP_SPI_HW.c...
compiling BSP_IIC_SW.c...
compiling BSP_Timer.c...
compiling BSP_USART.c...
compiling ISP_EXIT.c...
compiling ISP_CAN.c...
compiling ISP_SPI.c...
compiling ISP_TIM.c...
compiling ISP_USART.c...
compiling misc.c...
compiling stm32f4xx_syscfg.c...
compiling stm32f4xx_adc.c...
compiling stm32f4xx_gpio.c...
compiling stm32f4xx_rcc.c...
compiling stm32f4xx_spi.c...
compiling stm32f4xx_exti.c...
compiling stm32f4xx_can.c...
compiling stm32f4xx_usart.c...
compiling stm32f4xx_dma.c...
compiling stm32f4xx_tim.c...
compiling list.c...
compiling heap_4.c...
compiling port.c...
compiling croutine.c...
compiling event_groups.c...
compiling queue.c...
compiling timers.c...
compiling tasks.c...
compiling stm32f4xx_iwdg.c...
compiling stm32f4xx_it.c...
compiling stm32f4xx_dac.c...
compiling stm32f4xx_wwdg.c...
compiling stm32f4xx_sdio.c...
compiling stm32f4xx_i2c.c...
compiling stm32f4xx_flash.c...
compiling usb_dcd.c...
compiling usb_core.c...
compiling compass.c...
compiling usb_dcd_int.c...
compiling ff.c...
compiling ramp.c...
Applications\ramp.h(5): warning:  #47-D: incompatible redefinition of macro "PI"  (declared at line 29 of "D:\Program Files\Keil5\ARM\ARMCC\Bin\..\include\math.h")
  #define PI					3.14159265358979f
Applications\ramp.c: 1 warning, 0 errors
assembling startup_stm32f427xx.s...
compiling usbd_core.c...
compiling diskio.c...
compiling usbd_ioreq.c...
compiling Matrix.c...
compiling cpu_utils.c...
compiling system_stm32f4xx.c...
compiling usbd_req.c...
compiling SEGGER_RTT_printf.c...
compiling Util.c...
compiling SEGGER_RTT.c...
compiling rotations.c...
compiling algebra.c...
compiling srcdkf.c...
compiling UpperMonitor.c...
linking...
Program Size: Code=124724 RO-data=9352 RW-data=46932 ZI-data=92924  
FromELF: creating hex file...
".\Objects\Odin.axf" - 0 Error(s), 17 Warning(s).

<h2>Software Packages used:</h2>

Package Vendor: Keil
                http://www.keil.com/pack/Keil.STM32F4xx_DFP.2.13.0.pack
                Keil.STM32F4xx_DFP.2.13.0
                STMicroelectronics STM32F4 Series Device Support, Drivers and Examples

<h2>Collection of Component include folders:</h2>
  .\RTE\_Odin
  D:\Program Files\Keil5\Local\Arm\Packs\Keil\STM32F4xx_DFP\2.13.0\Drivers\CMSIS\Device\ST\STM32F4xx\Include

<h2>Collection of Component Files used:</h2>
Build Time Elapsed:  00:00:21
</pre>
</body>
</html>
