Component: ARM Compiler 5.06 update 6 (build 750) Tool: armlink [4d35ed]

==============================================================================

Section Cross References

    app_init.o(i.appInit) refers to misc.o(i.NVIC_PriorityGroupConfig) for NVIC_PriorityGroupConfig
    app_init.o(i.appInit) refers to event_groups.o(i.xEventGroupCreate) for xEventGroupCreate
    app_init.o(i.appInit) refers to config.o(i.configInit) for configInit
    app_init.o(i.appInit) refers to driver_clockcount.o(i.clockCountInit) for clockCountInit
    app_init.o(i.appInit) refers to control.o(i.controlInit) for controlInit
    app_init.o(i.appInit) refers to rc.o(i.rcInit) for rcInit
    app_init.o(i.appInit) refers to judge.o(i.jugdeInit) for jugdeInit
    app_init.o(i.appInit) refers to type_robot.o(i.robotDistinguish) for robotDistinguish
    app_init.o(i.appInit) refers to data_transmission.o(i.datatransmissionInit) for datatransmissionInit
    app_init.o(i.appInit) refers to slave_sensor.o(i.slaveSensorConfig) for slaveSensorConfig
    app_init.o(i.appInit) refers to vision.o(i.visionInit) for visionInit
    app_init.o(i.appInit) refers to imu.o(i.imuInit) for imuInit
    app_init.o(i.appInit) refers to supervisor.o(i.supervisorInit) for supervisorInit
    app_init.o(i.appInit) refers to tasks.o(i.vTaskDelete) for vTaskDelete
    app_init.o(i.appInit) refers to app_init.o(.data) for taskInitData
    auto_auxiliary.o(i.auxiliaryAutoTaskUpdate) refers to auto_auxiliary.o(i.auxiliaryAviodUpdate) for auxiliaryAviodUpdate
    auto_auxiliary.o(i.auxiliaryAutoTaskUpdate) refers to auto_auxiliary.o(i.auxiliaryTaskBegin) for auxiliaryTaskBegin
    auto_auxiliary.o(i.auxiliaryAutoTaskUpdate) refers to auto_auxiliary.o(i.auxiliaryRescueUpdate) for auxiliaryRescueUpdate
    auto_auxiliary.o(i.auxiliaryAutoTaskUpdate) refers to auto_auxiliary.o(i.auxiliaryBulletTransferUpdate) for auxiliaryBulletTransferUpdate
    auto_auxiliary.o(i.auxiliaryAutoTaskUpdate) refers to auto_auxiliary.o(i.auxiliaryGrabUpdate) for auxiliaryGrabUpdate
    auto_auxiliary.o(i.auxiliaryAutoTaskUpdate) refers to auto_task.o(i.autoDataInit) for autoDataInit
    auto_auxiliary.o(i.auxiliaryAutoTaskUpdate) refers to auto_auxiliary.o(.bss) for auxiliaryAutoData
    auto_auxiliary.o(i.auxiliaryAviodUpdate) refers to auto_auxiliary.o(.bss) for auxiliaryAutoData
    auto_auxiliary.o(i.auxiliaryAviodUpdate) refers to auto_auxiliary.o(.data) for avoidTurn
    auto_auxiliary.o(i.auxiliaryAviodUpdate) refers to chassis.o(.bss) for chassisData
    auto_auxiliary.o(i.auxiliaryBulletTransferUpdate) refers to deforming.o(i.grabZeroState) for grabZeroState
    auto_auxiliary.o(i.auxiliaryBulletTransferUpdate) refers to auto_auxiliary.o(.bss) for auxiliaryAutoData
    auto_auxiliary.o(i.auxiliaryBulletTransferUpdate) refers to gimbal.o(.data) for shiftAngle
    auto_auxiliary.o(i.auxiliaryBulletTransferUpdate) refers to pneumatic.o(.bss) for pneumaticData
    auto_auxiliary.o(i.auxiliaryBulletTransferUpdate) refers to chassis.o(.bss) for chassisData
    auto_auxiliary.o(i.auxiliaryBulletTransferUpdate) refers to rc.o(.bss) for remoteControlData
    auto_auxiliary.o(i.auxiliaryRescueUpdate) refers to deforming.o(i.grabZeroState) for grabZeroState
    auto_auxiliary.o(i.auxiliaryRescueUpdate) refers to auto_auxiliary.o(.bss) for auxiliaryAutoData
    auto_auxiliary.o(i.auxiliaryRescueUpdate) refers to chassis.o(.bss) for chassisData
    auto_auxiliary.o(i.auxiliaryRescueUpdate) refers to gimbal.o(.data) for shiftAngle
    auto_auxiliary.o(i.auxiliaryRescueUpdate) refers to pneumatic.o(.bss) for pneumaticData
    auto_auxiliary.o(i.auxiliaryRescueUpdate) refers to rc.o(.bss) for remoteControlData
    auto_auxiliary.o(i.auxiliaryRescueUpdate) refers to auto_auxiliary.o(.data) for lastMouseL
    auto_auxiliary.o(i.auxiliaryTaskBegin) refers to auto_auxiliary.o(.bss) for auxiliaryAutoData
    auto_infantry.o(i.infantryAutoTaskUpdate) refers to auto_infantry.o(i.infantryAviodUpdate) for infantryAviodUpdate
    auto_infantry.o(i.infantryAutoTaskUpdate) refers to auto_infantry.o(i.infantryTaskBegin) for infantryTaskBegin
    auto_infantry.o(i.infantryAutoTaskUpdate) refers to auto_infantry.o(i.infantryAutomaticAimUpdate) for infantryAutomaticAimUpdate
    auto_infantry.o(i.infantryAutoTaskUpdate) refers to auto_infantry.o(i.infantryAutomaticBuffUpdate) for infantryAutomaticBuffUpdate
    auto_infantry.o(i.infantryAutoTaskUpdate) refers to auto_infantry.o(i.infantryBulletTransferUpdate) for infantryBulletTransferUpdate
    auto_infantry.o(i.infantryAutoTaskUpdate) refers to auto_task.o(i.autoDataInit) for autoDataInit
    auto_infantry.o(i.infantryAutoTaskUpdate) refers to auto_infantry.o(.bss) for infantryAutoData
    auto_infantry.o(i.infantryAutoTaskUpdate) refers to chassis.o(.bss) for chassisData
    auto_infantry.o(i.infantryAutoTaskUpdate) refers to supply.o(.bss) for supplyData
[...]
    0x080054b4   0x080054b4   0x00000014   Code   RO         6600    i.NVIC_PriorityGroupConfig  misc.o
    0x080054c8   0x080054c8   0x00000010   Code   RO         4994    i.OTG_FS_IRQHandler  driver_usbvcp.o
    0x080054d8   0x080054d8   0x00000020   Code   RO         7060    i.RCC_AHB1PeriphClockCmd  stm32f4xx_rcc.o
    0x080054f8   0x080054f8   0x00000020   Code   RO         7069    i.RCC_APB1PeriphClockCmd  stm32f4xx_rcc.o
    0x08005518   0x08005518   0x00000020   Code   RO         7072    i.RCC_APB2PeriphClockCmd  stm32f4xx_rcc.o
    0x08005538   0x08005538   0x00000020   Code   RO         7074    i.RCC_APB2PeriphResetCmd  stm32f4xx_rcc.o
    0x08005558   0x08005558   0x000000e8   Code   RO         7081    i.RCC_GetClocksFreq  stm32f4xx_rcc.o
    0x08005640   0x08005640   0x00000014   Code   RO        12104    i.RampInit          ramp.o
    0x08005654   0x08005654   0x00000026   Code   RO        12105    i.RampIsOverflow    ramp.o
    0x0800567a   0x0800567a   0x00000006   Code   RO        12106    i.RampResetCounter  ramp.o
    0x08005680   0x08005680   0x00000004   Code   RO        12107    i.RampSetCounter    ramp.o
    0x08005684   0x08005684   0x00000004   Code   RO        12108    i.RampSetScale      ramp.o
    0x08005688   0x08005688   0x000001b8   Code   RO         4277    i.Read_MPU6500      driver_mpu6500.o
    0x08005840   0x08005840   0x000000ac   Code   RO         4664    i.SDEnWideBus       driver_sdcard.o
    0x080058ec   0x080058ec   0x0000000c   Code   RO         9468    i.SDIO_ClearFlag    stm32f4xx_sdio.o
    0x080058f8   0x080058f8   0x00000014   Code   RO         4665    i.SDIO_Clock_Set    driver_sdcard.o
    0x0800590c   0x0800590c   0x00000034   Code   RO         9474    i.SDIO_DataConfig   stm32f4xx_sdio.o
    0x08005940   0x08005940   0x00000018   Code   RO         9480    i.SDIO_GetFlagStatus  stm32f4xx_sdio.o
    0x08005958   0x08005958   0x00000010   Code   RO         9482    i.SDIO_GetPowerState  stm32f4xx_sdio.o
    0x08005968   0x08005968   0x00000008   Code   RO         4666    i.SDIO_IRQHandler   driver_sdcard.o
    0x08005970   0x08005970   0x00000030   Code   RO         9485    i.SDIO_Init         stm32f4xx_sdio.o
    0x080059a0   0x080059a0   0x00000038   Code   RO         4667    i.SDIO_Register_Deinit  driver_sdcard.o
    0x080059d8   0x080059d8   0x0000002c   Code   RO         9488    i.SDIO_SendCommand  stm32f4xx_sdio.o
    0x08005a04   0x08005a04   0x0000000c   Code   RO         9490    i.SDIO_SetPowerState  stm32f4xx_sdio.o
    0x08005a10   0x08005a10   0x00000080   Code   RO         4668    i.SD_DMA_Config     driver_sdcard.o
    0x08005a90   0x08005a90   0x00000068   Code   RO         4669    i.SD_EnableWideBusOperation  driver_sdcard.o
    0x08005af8   0x08005af8   0x00000314   Code   RO         4670    i.SD_GetCardInfo    driver_sdcard.o
    0x08005e0c   0x08005e0c   0x00000130   Code   RO         4672    i.SD_Init           driver_sdcard.o
    0x08005f3c   0x08005f3c   0x00000164   Code   RO         4673    i.SD_InitializeCards  driver_sdcard.o
    0x080060a0   0x080060a0   0x000001e4   Code   RO         4675    i.SD_PowerON        driver_sdcard.o
    0x08006284   0x08006284   0x00000154   Code   RO         4676    i.SD_ProcessIRQSrc  driver_sdcard.o
    0x080063d8   0x080063d8   0x00000268   Code   RO         4677    i.SD_ReadBlock      driver_sdcard.o
    0x08006640   0x08006640   0x00000098   Code   RO         4678    i.SD_ReadDisk       driver_sdcard.o
    0x080066d8   0x080066d8   0x000002f4   Code   RO         4679    i.SD_ReadMultiBlocks  driver_sdcard.o
    0x080069cc   0x080069cc   0x00000030   Code   RO         4680    i.SD_SelectDeselect  driver_sdcard.o
    0x080069fc   0x080069fc   0x00000018   Code   RO         4682    i.SD_SetDeviceMode  driver_sdcard.o
    0x08006a14   0x08006a14   0x00000388   Code   RO         4683    i.SD_WriteBlock     driver_sdcard.o
    0x08006d9c   0x08006d9c   0x00000098   Code   RO         4684    i.SD_WriteDisk      driver_sdcard.o
    0x08006e34   0x08006e34   0x000003d0   Code   RO         4685    i.SD_WriteMultiBlocks  driver_sdcard.o
    0x08007204   0x08007204   0x00000018   Code   RO         7404    i.SPI_Cmd           stm32f4xx_spi.o
    0x0800721c   0x0800721c   0x0000003c   Code   RO         7417    i.SPI_Init          stm32f4xx_spi.o
    0x08007258   0x08007258   0x00000058   Code   RO         6253    i.SPIx_TO_GPIO_AF   bsp_spi_hw.o
    0x080072b0   0x080072b0   0x00000040   Code   RO         7671    i.SYSCFG_EXTILineConfig  stm32f4xx_syscfg.o
    0x080072f0   0x080072f0   0x000000ec   Code   RO        12384    i.SetSysClock       system_stm32f4xx.o
    0x080073dc   0x080073dc   0x00000034   Code   RO         9699    i.SysTick_Handler   port.o
    0x08007410   0x08007410   0x00000068   Code   RO        12386    i.SystemInit        system_stm32f4xx.o
    0x08007478   0x08007478   0x00000002   Code   RO         5706    i.TIM1_BRK_TIM9_IRQHandler  isp_tim.o
    0x0800747a   0x0800747a   0x00000002   Code   RO         5707    i.TIM1_CC_IRQHandler  isp_tim.o
    0x0800747c   0x0800747c   0x00000024   Code   RO         5708    i.TIM1_UP_TIM10_IRQHandler  isp_tim.o
    0x080074a0   0x080074a0   0x0000001e   Code   RO         5709    i.TIM2_IRQHandler   isp_tim.o
    0x080074be   0x080074be   0x00000002   PAD
    0x080074c0   0x080074c0   0x00000024   Code   RO         5710    i.TIM3_IRQHandler   isp_tim.o
    0x080074e4   0x080074e4   0x00000024   Code   RO         5711    i.TIM4_IRQHandler   isp_tim.o
    0x08007508   0x08007508   0x00000030   Code   RO         5712    i.TIM5_IRQHandler   isp_tim.o
    0x08007538   0x08007538   0x00000030   Code   RO         5713    i.TIM6_DAC_IRQHandler  isp_tim.o
    0x08007568   0x08007568   0x00000024   Code   RO         5714    i.TIM7_IRQHandler   isp_tim.o
    0x0800758c   0x0800758c   0x00000002   Code   RO         5715    i.TIM8_BRK_TIM12_IRQHandler  isp_tim.o
    0x0800758e   0x0800758e   0x00000002   Code   RO         5716    i.TIM8_TRG_COM_TIM14_IRQHandler  isp_tim.o
    0x08007590   0x08007590   0x00000002   Code   RO         5717    i.TIM8_UP_TIM13_IRQHandler  isp_tim.o
    0x08007592   0x08007592   0x00000018   Code   RO         7924    i.TIM_ARRPreloadConfig  stm32f4xx_tim.o
    0x080075aa   0x080075aa   0x00000006   Code   RO         7930    i.TIM_ClearFlag     stm32f4xx_tim.o
    0x080075b0   0x080075b0   0x00000006   Code   RO         7931    i.TIM_ClearITPendingBit  stm32f4xx_tim.o
    0x080075b6   0x080075b6   0x00000018   Code   RO         7936    i.TIM_Cmd           stm32f4xx_tim.o
    0x080075ce   0x080075ce   0x0000001e   Code   RO         7938    i.TIM_CtrlPWMOutputs  stm32f4xx_tim.o
    0x080075ec   0x080075ec   0x00000012   Code   RO         7939    i.TIM_DMACmd        stm32f4xx_tim.o
    0x080075fe   0x080075fe   0x00000022   Code   RO         7957    i.TIM_GetITStatus   stm32f4xx_tim.o
    0x08007620   0x08007620   0x00000012   Code   RO         7961    i.TIM_ITConfig      stm32f4xx_tim.o
    0x08007632   0x08007632   0x00000002   PAD
    0x08007634   0x08007634   0x0000007c   Code   RO         7965    i.TIM_OC1Init       stm32f4xx_tim.o
    0x080076b0   0x080076b0   0x00000012   Code   RO         7968    i.TIM_OC1PreloadConfig  stm32f4xx_tim.o
    0x080076c2   0x080076c2   0x00000002   PAD
    0x080076c4   0x080076c4   0x000000a4   Code   RO         7970    i.TIM_OC2Init       stm32f4xx_tim.o
    0x08007768   0x08007768   0x0000001a   Code   RO         7973    i.TIM_OC2PreloadConfig  stm32f4xx_tim.o
    0x08007782   0x08007782   0x00000002   PAD
    0x08007784   0x08007784   0x000000a0   Code   RO         7975    i.TIM_OC3Init       stm32f4xx_tim.o
    0x08007824   0x08007824   0x00000012   Code   RO         7978    i.TIM_OC3PreloadConfig  stm32f4xx_tim.o
    0x08007836   0x08007836   0x00000002   PAD
    0x08007838   0x08007838   0x00000078   Code   RO         7980    i.TIM_OC4Init       stm32f4xx_tim.o
    0x080078b0   0x080078b0   0x0000001a   Code   RO         7982    i.TIM_OC4PreloadConfig  stm32f4xx_tim.o
    0x080078ca   0x080078ca   0x00000002   PAD
    0x080078cc   0x080078cc   0x000000a8   Code   RO         6307    i.TIM_TO_GPIO_AF    bsp_timer.o
    0x08007974   0x08007974   0x00000084   Code   RO         8008    i.TIM_TimeBaseInit  stm32f4xx_tim.o
    0x080079f8   0x080079f8   0x00000020   Code   RO         2769    i.TankShootHeatAbjust  shoot.o
    0x08007a18   0x08007a18   0x00000064   Code   RO         5801    i.UART4_IRQHandler  isp_usart.o
    0x08007a7c   0x08007a7c   0x00000060   Code   RO         5802    i.UART5_IRQHandler  isp_usart.o
    0x08007adc   0x08007adc   0x00000044   Code   RO         5803    i.UART7_IRQHandler  isp_usart.o
    0x08007b20   0x08007b20   0x00000058   Code   RO         5804    i.UART8_IRQHandler  isp_usart.o
    0x08007b78   0x08007b78   0x00000088   Code   RO         5805    i.USART1_IRQHandler  isp_usart.o
    0x08007c00   0x08007c00   0x000000ac   Code   RO         5806    i.USART2_IRQHandler  isp_usart.o
    0x08007cac   0x08007cac   0x0000007c   Code   RO         5807    i.USART3_IRQHandler  isp_usart.o
    0x08007d28   0x08007d28   0x0000006c   Code   RO         5808    i.USART6_IRQHandler  isp_usart.o
    0x08007d94   0x08007d94   0x00000012   Code   RO         7728    i.USART_ClearFlag   stm32f4xx_usart.o
    0x08007da6   0x08007da6   0x00000018   Code   RO         7732    i.USART_Cmd         stm32f4xx_usart.o
    0x08007dbe   0x08007dbe   0x00000012   Code   RO         7733    i.USART_DMACmd      stm32f4xx_usart.o
    0x08007dd0   0x08007dd0   0x00000054   Code   RO         7736    i.USART_GetITStatus  stm32f4xx_usart.o
    0x08007e24   0x08007e24   0x0000004a   Code   RO         7738    i.USART_ITConfig    stm32f4xx_usart.o
    0x08007e6e   0x08007e6e   0x00000002   PAD
    0x08007e70   0x08007e70   0x000000d4   Code   RO         7739    i.USART_Init        stm32f4xx_usart.o
    0x08007f44   0x08007f44   0x00000094   Code   RO         6372    i.USART_TO_ArrayRX  bsp_usart.o
    0x08007fd8   0x08007fd8   0x00000094   Code   RO         6373    i.USART_TO_ArrayTX  bsp_usart.o
    0x0800806c   0x0800806c   0x0000010c   Code   RO         6374    i.USART_TO_BSP_DMA_Streamx_chx  bsp_usart.o
    0x08008178   0x08008178   0x00000074   Code   RO         6375    i.USART_TO_LengthArrayRX  bsp_usart.o
    0x080081ec   0x080081ec   0x00000074   Code   RO         6377    i.USART_TO_NVIC_IRQChannel  bsp_usart.o
    0x08008260   0x08008260   0x00000074   Code   RO         6378    i.USARTx_TO_GPIO_AF  bsp_usart.o
    0x080082d4   0x080082d4   0x00000016   Code   RO        11107    i.USBD_ClrCfg       usbd_core.o
    0x080082ea   0x080082ea   0x00000048   Code   RO        11277    i.USBD_ClrFeature   usbd_req.o
    0x08008332   0x08008332   0x0000001e   Code   RO        11217    i.USBD_CtlContinueRx  usbd_ioreq.o
    0x08008350   0x08008350   0x0000001e   Code   RO        11218    i.USBD_CtlContinueSendData  usbd_ioreq.o
    0x0800836e   0x0800836e   0x0000001e   Code   RO        11278    i.USBD_CtlError     usbd_req.o
    0x0800838c   0x0800838c   0x00000024   Code   RO        11220    i.USBD_CtlReceiveStatus  usbd_ioreq.o
    0x080083b0   0x080083b0   0x0000002e   Code   RO        11221    i.USBD_CtlSendData  usbd_ioreq.o
    0x080083de   0x080083de   0x00000024   Code   RO        11222    i.USBD_CtlSendStatus  usbd_ioreq.o
    0x08008402   0x08008402   0x000000e8   Code   RO        11108    i.USBD_DataInStage  usbd_core.o
    0x080084ea   0x080084ea   0x00000096   Code   RO        11109    i.USBD_DataOutStage  usbd_core.o
    0x08008580   0x08008580   0x00000054   Code   RO        11279    i.USBD_GetConfig    usbd_req.o
    0x080085d4   0x080085d4   0x00000112   Code   RO        11280    i.USBD_GetDescriptor  usbd_req.o
    0x080086e6   0x080086e6   0x00000002   PAD
    0x080086e8   0x080086e8   0x00000050   Code   RO        11282    i.USBD_GetStatus    usbd_req.o
    0x08008738   0x08008738   0x00000012   Code   RO        11112    i.USBD_IsoINIncomplete  usbd_core.o
    0x0800874a   0x0800874a   0x00000012   Code   RO        11113    i.USBD_IsoOUTIncomplete  usbd_core.o
    0x0800875c   0x0800875c   0x000000e0   Code   RO        11031    i.USBD_OTG_ISR_Handler  usb_dcd_int.o
    0x0800883c   0x0800883c   0x00000048   Code   RO        11284    i.USBD_ParseSetupRequest  usbd_req.o
    0x08008884   0x08008884   0x00000032   Code   RO        11114    i.USBD_Reset        usbd_core.o
    0x080088b6   0x080088b6   0x0000001e   Code   RO        11115    i.USBD_Resume       usbd_core.o
    0x080088d4   0x080088d4   0x00000014   Code   RO        11116    i.USBD_RunTestMode  usbd_core.o
    0x080088e8   0x080088e8   0x0000001a   Code   RO        11117    i.USBD_SOF          usbd_core.o
    0x08008902   0x08008902   0x0000005c   Code   RO        11285    i.USBD_SetAddress   usbd_req.o
    0x0800895e   0x0800895e   0x0000001e   Code   RO        11118    i.USBD_SetCfg       usbd_core.o
    0x0800897c   0x0800897c   0x000000d0   Code   RO        11286    i.USBD_SetConfig    usbd_req.o
    0x08008a4c   0x08008a4c   0x000000b0   Code   RO        11287    i.USBD_SetFeature   usbd_req.o
    0x08008afc   0x08008afc   0x00000054   Code   RO        11119    i.USBD_SetupStage   usbd_core.o
    0x08008b50   0x08008b50   0x00000072   Code   RO        11288    i.USBD_StdDevReq    usbd_req.o
    0x08008bc2   0x08008bc2   0x00000002   PAD
    0x08008bc4   0x08008bc4   0x00000178   Code   RO        11289    i.USBD_StdEPReq     usbd_req.o
    0x08008d3c   0x08008d3c   0x0000004c   Code   RO        11290    i.USBD_StdItfReq    usbd_req.o
    0x08008d88   0x08008d88   0x00000020   Code   RO        11120    i.USBD_Suspend      usbd_core.o
    0x08008da8   0x08008da8   0x0000001e   Code   RO         5013    i.USB_OTG_BSP_uDelay  driver_usbvcp.o
    0x08008dc6   0x08008dc6   0x00000074   Code   RO        10681    i.USB_OTG_EP0Activate  usb_core.o
    0x08008e3a   0x08008e3a   0x00000156   Code   RO        10682    i.USB_OTG_EP0StartXfer  usb_core.o
    0x08008f90   0x08008f90   0x00000062   Code   RO        10683    i.USB_OTG_EP0_OutStart  usb_core.o
    0x08008ff2   0x08008ff2   0x00000098   Code   RO        10684    i.USB_OTG_EPActivate  usb_core.o
    0x0800908a   0x0800908a   0x00000050   Code   RO        10685    i.USB_OTG_EPClearStall  usb_core.o
    0x080090da   0x080090da   0x00000064   Code   RO        10687    i.USB_OTG_EPSetStall  usb_core.o
    0x0800913e   0x0800913e   0x000001fe   Code   RO        10688    i.USB_OTG_EPStartXfer  usb_core.o
    0x0800933c   0x0800933c   0x00000054   Code   RO        10693    i.USB_OTG_FlushTxFifo  usb_core.o
    0x08009390   0x08009390   0x00000038   Code   RO        10694    i.USB_OTG_GetDeviceSpeed  usb_core.o
    0x080093c8   0x080093c8   0x0000000c   Code   RO        10696    i.USB_OTG_GetMode   usb_core.o
    0x080093d4   0x080093d4   0x00000016   Code   RO        10698    i.USB_OTG_IsDeviceMode  usb_core.o
    0x080093ea   0x080093ea   0x00000010   Code   RO        10700    i.USB_OTG_ReadCoreItr  usb_core.o
    0x080093fa   0x080093fa   0x00000010   Code   RO        10701    i.USB_OTG_ReadDevAllInEPItr  usb_core.o
    0x0800940a   0x0800940a   0x00000010   Code   RO        10702    i.USB_OTG_ReadDevAllOutEp_itr  usb_core.o
    0x0800941a   0x0800941a   0x00000014   Code   RO        10703    i.USB_OTG_ReadDevOutEP_itr  usb_core.o
    0x0800942e   0x0800942e   0x00000028   Code   RO        10705    i.USB_OTG_ReadPacket  usb_core.o
    0x08009456   0x08009456   0x00000040   Code   RO        10711    i.USB_OTG_WritePacket  usb_core.o
    0x08009496   0x08009496   0x00000004   Code   RO         9295    i.UsageFault_Handler  stm32f4xx_it.o
    0x0800949a   0x0800949a   0x00000002   PAD
    0x0800949c   0x0800949c   0x00000040   Code   RO         4009    i.Verify_CRC16_Check_Sum  driver_judge.o
    0x080094dc   0x080094dc   0x0000002e   Code   RO         4010    i.Verify_CRC8_Check_Sum  driver_judge.o
    0x0800950a   0x0800950a   0x00000002   Code   RO         6557    i.WWDG_IRQHandler   bsp_watchdog.o
    0x0800950c   0x0800950c   0x00000020   Code   RO        13345    i.__0printf         mc_w.l(printfa.o)
    0x0800952c   0x0800952c   0x00000028   Code   RO        13347    i.__0sprintf        mc_w.l(printfa.o)
    0x08009554   0x08009554   0x00000030   Code   RO        13446    i.__ARM_fpclassify  m_wm.l(fpclassify.o)
    0x08009584   0x08009584   0x00000026   Code   RO        13448    i.__ARM_fpclassifyf  m_wm.l(fpclassifyf.o)
    0x080095aa   0x080095aa   0x0000000e   Code   RO         1911    i.__ARM_isnanf      gimbal.o
    0x080095b8   0x080095b8   0x0000000e   Code   RO         3254    i.__ARM_isnanf      vision.o
    0x080095c6   0x080095c6   0x00000002   PAD
    0x080095c8   0x080095c8   0x000002d8   Code   RO        12970    i.__hardfp_atan     m_wm.l(atan.o)
    0x080098a0   0x080098a0   0x000000c8   Code   RO        12984    i.__hardfp_cos      m_wm.l(cos.o)
    0x08009968   0x08009968   0x00000150   Code   RO        12996    i.__hardfp_cosf     m_wm.l(cosf.o)
    0x08009ab8   0x08009ab8   0x00000014   Code   RO        13008    i.__hardfp_fabs     m_wm.l(fabs.o)
    0x08009acc   0x08009acc   0x00000004   PAD
    0x08009ad0   0x08009ad0   0x000000c8   Code   RO        13042    i.__hardfp_sin      m_wm.l(sin.o)
    0x08009b98   0x08009b98   0x00000190   Code   RO        13054    i.__hardfp_sinf     m_wm.l(sinf.o)
    0x08009d28   0x08009d28   0x00000438   Code   RO        13466    i.__ieee754_rem_pio2  m_wm.l(rred.o)
    0x0800a160   0x0800a160   0x00000170   Code   RO        13429    i.__kernel_cos      m_wm.l(cos_i.o)
    0x0800a2d0   0x0800a2d0   0x000000f8   Code   RO        13464    i.__kernel_poly     m_wm.l(poly.o)
    0x0800a3c8   0x0800a3c8   0x00000130   Code   RO        13474    i.__kernel_sin      m_wm.l(sin_i.o)
    0x0800a4f8   0x0800a4f8   0x00000014   Code   RO        13433    i.__mathlib_dbl_infnan  m_wm.l(dunder.o)
    0x0800a50c   0x0800a50c   0x00000004   PAD
    0x0800a510   0x0800a510   0x00000020   Code   RO        13435    i.__mathlib_dbl_invalid  m_wm.l(dunder.o)
    0x0800a530   0x0800a530   0x00000020   Code   RO        13438    i.__mathlib_dbl_underflow  m_wm.l(dunder.o)
    0x0800a550   0x0800a550   0x00000006   Code   RO        13451    i.__mathlib_flt_infnan  m_wm.l(funder.o)
    0x0800a556   0x0800a556   0x00000002   PAD
    0x0800a558   0x0800a558   0x00000010   Code   RO        13453    i.__mathlib_flt_invalid  m_wm.l(funder.o)
    0x0800a568   0x0800a568   0x00000010   Code   RO        13456    i.__mathlib_flt_underflow  m_wm.l(funder.o)
    0x0800a578   0x0800a578   0x00000154   Code   RO        13471    i.__mathlib_rredf2  m_wm.l(rredf.o)
    0x0800a6cc   0x0800a6cc   0x0000000e   Code   RO        13569    i.__scatterload_copy  mc_w.l(handlers.o)
    0x0800a6da   0x0800a6da   0x00000002   Code   RO        13570    i.__scatterload_null  mc_w.l(handlers.o)
    0x0800a6dc   0x0800a6dc   0x0000000e   Code   RO        13571    i.__scatterload_zeroinit  mc_w.l(handlers.o)
    0x0800a6ea   0x0800a6ea   0x00000002   PAD
    0x0800a6ec   0x0800a6ec   0x0000000c   Code   RO        13520    i.__set_errno       mc_w.l(errno.o)
    0x0800a6f8   0x0800a6f8   0x00000184   Code   RO        13352    i._fp_digits        mc_w.l(printfa.o)
    0x0800a87c   0x0800a87c   0x0000000e   Code   RO        13409    i._is_digit         mc_w.l(scanf_fp.o)
    0x0800a88a   0x0800a88a   0x00000002   PAD
    0x0800a88c   0x0800a88c   0x000006dc   Code   RO        13353    i._printf_core      mc_w.l(printfa.o)
    0x0800af68   0x0800af68   0x00000024   Code   RO        13354    i._printf_post_padding  mc_w.l(printfa.o)
    0x0800af8c   0x0800af8c   0x0000002e   Code   RO        13355    i._printf_pre_padding  mc_w.l(printfa.o)
    0x0800afba   0x0800afba   0x0000000a   Code   RO        13357    i._sputc            mc_w.l(printfa.o)
    0x0800afc4   0x0800afc4   0x0000012c   Code   RO         3687    i.adcInit           driver_adc.o
    0x0800b0f0   0x0800b0f0   0x00000054   Code   RO            4    i.appInit           app_init.o
    0x0800b144   0x0800b144   0x00000044   Code   RO        12171    i.aqCalloc          util.o
    0x0800b188   0x0800b188   0x0000003c   Code   RO        12172    i.aqDataCalloc      util.o
    0x0800b1c4   0x0800b1c4   0x00000024   Code   RO        12173    i.aqFree            util.o
    0x0800b1e8   0x0800b1e8   0x0000004c   Code   RO          961    i.autoDataInit      auto_task.o
    0x0800b234   0x0800b234   0x00000064   Code   RO          962    i.autoTaskInit      auto_task.o
    0x0800b298   0x0800b298   0x0000004c   Code   RO          963    i.autoTaskUpdate    auto_task.o
    0x0800b2e4   0x0800b2e4   0x0000005c   Code   RO          562    i.auxiliaryAutoTaskUpdate  auto_auxiliary.o
    0x0800b340   0x0800b340   0x00000118   Code   RO          563    i.auxiliaryAviodUpdate  auto_auxiliary.o
    0x0800b458   0x0800b458   0x000000d0   Code   RO          564    i.auxiliaryBulletTransferUpdate  auto_auxiliary.o
    0x0800b528   0x0800b528   0x00000002   Code   RO          565    i.auxiliaryGrabUpdate  auto_auxiliary.o
    0x0800b52a   0x0800b52a   0x00000002   PAD
    0x0800b52c   0x0800b52c   0x000000f0   Code   RO          567    i.auxiliaryRescueUpdate  auto_auxiliary.o
    0x0800b61c   0x0800b61c   0x00000014   Code   RO          568    i.auxiliaryTaskBegin  auto_auxiliary.o
    0x0800b630   0x0800b630   0x000000c4   Code   RO         3255    i.ballisticParabolaFunCalculation  vision.o
    0x0800b6f4   0x0800b6f4   0x00000030   Code   RO         3746    i.beepConfig        driver_beep.o
    0x0800b724   0x0800b724   0x00000038   Code   RO         3747    i.beepUpdate        driver_beep.o
    0x0800b75c   0x0800b75c   0x00000084   Code   RO         3748    i.beepUpdateTask    driver_beep.o
    0x0800b7e0   0x0800b7e0   0x00000002   Code   RO         2770    i.bulletMonitorInit  shoot.o
    0x0800b7e2   0x0800b7e2   0x00000002   PAD
    0x0800b7e4   0x0800b7e4   0x0000008c   Code   RO         2771    i.bulletRemainCount  shoot.o
    0x0800b870   0x0800b870   0x00000094   Code   RO         1229    i.calibInit         cali.o
    0x0800b904   0x0800b904   0x00000068   Code   RO         1332    i.canSendChassisUpdate  cansend.o
    0x0800b96c   0x0800b96c   0x00000024   Code   RO         1333    i.canSendDeformingUpdate  cansend.o
    0x0800b990   0x0800b990   0x000000a0   Code   RO         1334    i.canSendGimbalUpdate  cansend.o
    0x0800ba30   0x0800ba30   0x00000040   Code   RO         1335    i.canSendInit       cansend.o
    0x0800ba70   0x0800ba70   0x0000001c   Code   RO         1336    i.canSendRelax      cansend.o
    0x0800ba8c   0x0800ba8c   0x00000158   Code   RO         1337    i.canSendShootUpdate  cansend.o
    0x0800bbe4   0x0800bbe4   0x0000001c   Code   RO         1338    i.canSendTofUpdate  cansend.o
    0x0800bc00   0x0800bc00   0x00000150   Code   RO         1339    i.canSendUpToRobot  cansend.o
    0x0800bd50   0x0800bd50   0x0000003c   Code   RO         1340    i.canSendUpdate     cansend.o
    0x0800bd8c   0x0800bd8c   0x00000168   Code   RO         1417    i.chassisInit       chassis.o
    0x0800bef4   0x0800bef4   0x0000014c   Code   RO         2484    i.chassisOperationFunc  rc.o
    0x0800c040   0x0800c040   0x0000002c   Code   RO         1418    i.chassisRelaxHandle  chassis.o
    0x0800c06c   0x0800c06c   0x00000024   Code   RO         1419    i.chassisStopHandle  chassis.o
    0x0800c090   0x0800c090   0x00000034   Code   RO          964    i.chassisSwitch     auto_task.o
    0x0800c0c4   0x0800c0c4   0x00000718   Code   RO         1420    i.chassisUpdate     chassis.o
    0x0800c7dc   0x0800c7dc   0x00000090   Code   RO        11436    i.check_fs          ff.o
    0x0800c86c   0x0800c86c   0x00000014   Code   RO        11437    i.chk_chr           ff.o
    0x0800c880   0x0800c880   0x00000032   Code   RO        11438    i.clmt_clust        ff.o
    0x0800c8b2   0x0800c8b2   0x00000002   PAD
    0x0800c8b4   0x0800c8b4   0x00000060   Code   RO         3807    i.clockCountInit    driver_clockcount.o
    0x0800c914   0x0800c914   0x0000001a   Code   RO        11439    i.clust2sect        ff.o
    0x0800c92e   0x0800c92e   0x00000002   PAD
    0x0800c930   0x0800c930   0x0000006c   Code   RO         4874    i.colorStdInit      driver_sk6812.o
    0x0800c99c   0x0800c99c   0x00000024   Code   RO          775    i.communicationWithManifold  auto_sentry.o
    0x0800c9c0   0x0800c9c0   0x00000054   Code   RO         1489    i.configFlashRead   config.o
    0x0800ca14   0x0800ca14   0x000000e8   Code   RO         1490    i.configFlashWrite  config.o
    0x0800cafc   0x0800cafc   0x000000ec   Code   RO         1494    i.configInit        config.o
    0x0800cbe8   0x0800cbe8   0x0000066c   Code   RO         1495    i.configLoadDefault  config.o
    0x0800d254   0x0800d254   0x00000012   Code   RO         1500    i.configTokenFindEmpty  config.o
    0x0800d266   0x0800d266   0x00000018   Code   RO         1502    i.configTokenIterate  config.o
    0x0800d27e   0x0800d27e   0x00000014   Code   RO         1503    i.configTokenStore  config.o
    0x0800d292   0x0800d292   0x00000002   PAD
    0x0800d294   0x0800d294   0x0000005c   Code   RO         1614    i.congtrolGlobalInit  control.o
    0x0800d2f0   0x0800d2f0   0x00000230   Code   RO         2644    i.controlDataUpload  slave_sensor.o
    0x0800d520   0x0800d520   0x00000018   Code   RO         1615    i.controlDeviceConfirm  control.o
    0x0800d538   0x0800d538   0x00000034   Code   RO         1616    i.controlInit       control.o
    0x0800d56c   0x0800d56c   0x00000144   Code   RO         1617    i.controlUpdateTask  control.o
    0x0800d6b0   0x0800d6b0   0x00000012   Code   RO         4686    i.convert_from_bytes_to_power_of_two  driver_sdcard.o
    0x0800d6c2   0x0800d6c2   0x000000d6   Code   RO        11440    i.create_chain      ff.o
    0x0800d798   0x0800d798   0x00000158   Code   RO        11441    i.create_name       ff.o
    0x0800d8f0   0x0800d8f0   0x000003b4   Code   RO         3207    i.currentRobotParameterConfig  type_robot.o
    0x0800dca4   0x0800dca4   0x000003e0   Code   RO          776    i.curveCheck        auto_sentry.o
    0x0800e084   0x0800e084   0x00000008   Code   RO         1887    i.datatransmissionInit  data_transmission.o
    0x0800e08c   0x0800e08c   0x00000084   Code   RO         1798    i.deformationLiftInit  deforming.o
    0x0800e110   0x0800e110   0x00000028   Code   RO          965    i.deformingSwitch   auto_task.o
    0x0800e138   0x0800e138   0x000000f8   Code   RO         1743    i.differentialCal   differential_calculation.o
    0x0800e230   0x0800e230   0x0000005c   Code   RO        11442    i.dir_alloc         ff.o
    0x0800e28c   0x0800e28c   0x0000005c   Code   RO        11443    i.dir_find          ff.o
    0x0800e2e8   0x0800e2e8   0x00000110   Code   RO        11444    i.dir_next          ff.o
    0x0800e3f8   0x0800e3f8   0x0000003a   Code   RO        11446    i.dir_register      ff.o
    0x0800e432   0x0800e432   0x0000009e   Code   RO        11448    i.dir_sdi           ff.o
    0x0800e4d0   0x0800e4d0   0x00000020   Code   RO        11375    i.disk_initialize   diskio.o
    0x0800e4f0   0x0800e4f0   0x0000006c   Code   RO        11376    i.disk_ioctl        diskio.o
    0x0800e55c   0x0800e55c   0x00000056   Code   RO        11377    i.disk_read         diskio.o
    0x0800e5b2   0x0800e5b2   0x00000006   Code   RO        11378    i.disk_status       diskio.o
    0x0800e5b8   0x0800e5b8   0x00000056   Code   RO        11379    i.disk_write        diskio.o
    0x0800e60e   0x0800e60e   0x00000002   PAD
    0x0800e610   0x0800e610   0x00000070   Code   RO         4558    i.driver_can1_init  driver_rmmotor.o
    0x0800e680   0x0800e680   0x00000070   Code   RO         4559    i.driver_can2_init  driver_rmmotor.o
    0x0800e6f0   0x0800e6f0   0x00000050   Code   RO         4964    i.driver_slaveSensorInit  driver_slave_sensor.o
    0x0800e740   0x0800e740   0x000001d0   Code   RO          777    i.escapeControl     auto_sentry.o
    0x0800e910   0x0800e910   0x00000024   Code   RO        11450    i.f_close           ff.o
    0x0800e934   0x0800e934   0x00000052   Code   RO        11454    i.f_gets            ff.o
    0x0800e986   0x0800e986   0x0000028e   Code   RO        11455    i.f_lseek           ff.o
    0x0800ec14   0x0800ec14   0x0000005c   Code   RO        11458    i.f_mount           ff.o
    0x0800ec70   0x0800ec70   0x00000164   Code   RO        11459    i.f_open            ff.o
    0x0800edd4   0x0800edd4   0x0000004a   Code   RO        11463    i.f_puts            ff.o
    0x0800ee1e   0x0800ee1e   0x000001b0   Code   RO        11464    i.f_read            ff.o
    0x0800efce   0x0800efce   0x000000b0   Code   RO        11469    i.f_sync            ff.o
    0x0800f07e   0x0800f07e   0x000001ea   Code   RO        11473    i.f_write           ff.o
    0x0800f268   0x0800f268   0x00000018   Code   RO        13010    i.fabs              m_wm.l(fabs.o)
    0x0800f280   0x0800f280   0x00000388   Code   RO        11474    i.find_volume       ff.o
    0x0800f608   0x0800f608   0x00000054   Code   RO         3927    i.flashAddress      driver_flash.o
    0x0800f65c   0x0800f65c   0x00000078   Code   RO         3928    i.flashErase        driver_flash.o
    0x0800f6d4   0x0800f6d4   0x00000008   Code   RO         3930    i.flashStartAddr    driver_flash.o
    0x0800f6dc   0x0800f6dc   0x00000210   Code   RO         1421    i.followGimbalHandle  chassis.o
    0x0800f8ec   0x0800f8ec   0x00000090   Code   RO        11475    i.follow_path       ff.o
    0x0800f97c   0x0800f97c   0x0000001c   Code   RO         6381    i.fputc             bsp_usart.o
    0x0800f998   0x0800f998   0x00000050   Code   RO        13373    i.free              mc_w.l(malloc.o)
    0x0800f9e8   0x0800f9e8   0x0000007c   Code   RO         1618    i.fricWheelSwitch   control.o
    0x0800fa64   0x0800fa64   0x0000000c   Code   RO         2485    i.getChassisCtrlDate  rc.o
    0x0800fa70   0x0800fa70   0x0000004c   Code   RO         1711    i.getClockCount     clockcount.o
    0x0800fabc   0x0800fabc   0x000000a8   Code   RO         2486    i.getGimbalCtrlDate  rc.o
    0x0800fb64   0x0800fb64   0x00000098   Code   RO         1619    i.getGlobalMode     control.o
    0x0800fbfc   0x0800fbfc   0x00000028   Code   RO         1912    i.getInstallDirect  gimbal.o
    0x0800fc24   0x0800fc24   0x00000028   Code   RO         2146    i.getKeyboardMouseState  keyboard.o
    0x0800fc4c   0x0800fc4c   0x0000003a   Code   RO         4561    i.getRelativePos    driver_rmmotor.o
    0x0800fc86   0x0800fc86   0x00000002   PAD
    0x0800fc88   0x0800fc88   0x000001dc   Code   RO         1620    i.getShootMode      control.o
    0x0800fe64   0x0800fe64   0x000000c0   Code   RO         3256    i.getVisionRate     vision.o
    0x0800ff24   0x0800ff24   0x000000e8   Code   RO        11476    i.get_fat           ff.o
    0x0801000c   0x0801000c   0x00000004   Code   RO        11380    i.get_fattime       diskio.o
    0x08010010   0x08010010   0x0000004a   Code   RO        11478    i.get_ldnumber      ff.o
    0x0801005a   0x0801005a   0x00000002   PAD
    0x0801005c   0x0801005c   0x00000214   Code   RO         1913    i.gimbalFollowHandle  gimbal.o
    0x08010270   0x08010270   0x000000d0   Code   RO         1914    i.gimbalInit        gimbal.o
    0x08010340   0x08010340   0x00000234   Code   RO         1915    i.gimbalInitHandle  gimbal.o
    0x08010574   0x08010574   0x00000124   Code   RO         2147    i.gimbalOperationFunc  keyboard.o
    0x08010698   0x08010698   0x0000004c   Code   RO         2487    i.gimbalOperationFunc  rc.o
    0x080106e4   0x080106e4   0x0000026c   Code   RO         1916    i.gimbalPatrolHandle  gimbal.o
    0x08010950   0x08010950   0x00000064   Code   RO         1917    i.gimbalRampInit    gimbal.o
    0x080109b4   0x080109b4   0x00000038   Code   RO         1918    i.gimbalRelaxHandle  gimbal.o
    0x080109ec   0x080109ec   0x00000268   Code   RO         1919    i.gimbalStopHandle  gimbal.o
    0x08010c54   0x08010c54   0x00000040   Code   RO         1920    i.gimbalStopSwitch  gimbal.o
    0x08010c94   0x08010c94   0x0000001c   Code   RO          966    i.gimbalSwitch      auto_task.o
    0x08010cb0   0x08010cb0   0x000003c0   Code   RO         1921    i.gimbalUpdate      gimbal.o
    0x08011070   0x08011070   0x000000a0   Code   RO         4562    i.gimbal_chooseData  driver_rmmotor.o
    0x08011110   0x08011110   0x0000008e   Code   RO         4564    i.gimbal_readData   driver_rmmotor.o
    0x0801119e   0x0801119e   0x000000b0   Code   RO         4565    i.gimbal_readSlaveData  driver_rmmotor.o
    0x0801124e   0x0801124e   0x00000002   Code   RO         1799    i.grabZeroState     deforming.o
    0x08011250   0x08011250   0x0000032c   Code   RO         2772    i.heroAutoLoad      shoot.o
    0x0801157c   0x0801157c   0x00000044   Code   RO         2773    i.heroFire          shoot.o
    0x080115c0   0x080115c0   0x00000044   Code   RO         3257    i.identifyCamp      vision.o
    0x08011604   0x08011604   0x000000c0   Code   RO         2082    i.identifyLocalId   local_id.o
    0x080116c4   0x080116c4   0x00000048   Code   RO         2083    i.identifyLocalIdBeepUpdate  local_id.o
    0x0801170c   0x0801170c   0x000000f4   Code   RO         3208    i.identifyTheCurrentRobot  type_robot.o
    0x08011800   0x08011800   0x00000054   Code   RO         3209    i.identifyTypeRobotBeepUpdate  type_robot.o
    0x08011854   0x08011854   0x00000044   Code   RO         2000    i.imuChassisUpdate  imu.o
    0x08011898   0x08011898   0x00000038   Code   RO         2001    i.imuInit           imu.o
    0x080118d0   0x080118d0   0x00000080   Code   RO         4278    i.imuTempControl    driver_mpu6500.o
    0x08011950   0x08011950   0x000000a8   Code   RO          714    i.infantryAutoTaskUpdate  auto_infantry.o
    0x080119f8   0x080119f8   0x00000138   Code   RO          715    i.infantryAutomaticAimUpdate  auto_infantry.o
    0x08011b30   0x08011b30   0x000001dc   Code   RO          716    i.infantryAutomaticBuffUpdate  auto_infantry.o
    0x08011d0c   0x08011d0c   0x0000024c   Code   RO          717    i.infantryAviodUpdate  auto_infantry.o
    0x08011f58   0x08011f58   0x0000017c   Code   RO          718    i.infantryBulletTransferUpdate  auto_infantry.o
    0x080120d4   0x080120d4   0x00000014   Code   RO          719    i.infantryTaskBegin  auto_infantry.o
    0x080120e8   0x080120e8   0x000002cc   Code   RO         5416    i.initFirstOrderFilter  driver_vl53l0x.o
    0x080123b4   0x080123b4   0x00000118   Code   RO         2408    i.initLowPassFilter  processing.o
    0x080124cc   0x080124cc   0x00000006   Code   RO         4011    i.judgeExtBuffMuskInfo  driver_judge.o
    0x080124d2   0x080124d2   0x0000000c   Code   RO         4012    i.judgeExtBulletRemainingInfo  driver_judge.o
    0x080124de   0x080124de   0x00000020   Code   RO         4013    i.judgeExtEventDataInfo  driver_judge.o
    0x080124fe   0x080124fe   0x00000006   Code   RO         4014    i.judgeExtGameResultInfo  driver_judge.o
    0x08012504   0x08012504   0x0000008e   Code   RO         4015    i.judgeExtGameRobotHpInfo  driver_judge.o
    0x08012592   0x08012592   0x00000074   Code   RO         4016    i.judgeExtGameRobotPosInfo  driver_judge.o
    0x08012606   0x08012606   0x00000068   Code   RO         4017    i.judgeExtGameRobotStateInfo  driver_judge.o
    0x0801266e   0x0801266e   0x00000024   Code   RO         4018    i.judgeExtGameStateInfo  driver_judge.o
    0x08012692   0x08012692   0x00000052   Code   RO         4019    i.judgeExtPowerHeatDataInfo  driver_judge.o
    0x080126e4   0x080126e4   0x0000000a   Code   RO         4020    i.judgeExtRefereeWarningInfo  driver_judge.o
    0x080126ee   0x080126ee   0x00000018   Code   RO         4021    i.judgeExtRobotHurtInfo  driver_judge.o
    0x08012706   0x08012706   0x0000002a   Code   RO         4022    i.judgeExtShootDataInfo  driver_judge.o
    0x08012730   0x08012730   0x000000d4   Code   RO         4023    i.judgeExtShowData  driver_judge.o
    0x08012804   0x08012804   0x00000012   Code   RO         4024    i.judgeExtSupplyProjectileActionInfo  driver_judge.o
    0x08012816   0x08012816   0x0000000e   Code   RO         4025    i.judgeExtSupplyProjectileBookingInfo  driver_judge.o
    0x08012824   0x08012824   0x00000016   Code   RO         4026    i.judgeOtherRobotSendDataInfo  driver_judge.o
    0x0801283a   0x0801283a   0x00000002   PAD
    0x0801283c   0x0801283c   0x000002cc   Code   RO         2046    i.judgeTask         judge.o
    0x08012b08   0x08012b08   0x0000000a   Code   RO         4027    i.judgeaerialRobotEnergyInfo  driver_judge.o
    0x08012b12   0x08012b12   0x00000002   PAD
    0x08012b14   0x08012b14   0x0000002c   Code   RO         2047    i.jugdeInit         judge.o
    0x08012b40   0x08012b40   0x000000ac   Code   RO         2148    i.keyFsm            keyboard.o
    0x08012bec   0x08012bec   0x00000054   Code   RO         2149    i.keyboardChassisHook  keyboard.o
    0x08012c40   0x08012c40   0x00000018   Code   RO         2150    i.keyboardGimbalHook  keyboard.o
    0x08012c58   0x08012c58   0x00000440   Code   RO          967    i.keyboradScanForTask  auto_task.o
    0x08013098   0x08013098   0x00000020   Code   RO        11479    i.ld_clust          ff.o
    0x080130b8   0x080130b8   0x000000ec   Code   RO         3749    i.ledUpdateTask     driver_beep.o
    0x080131a4   0x080131a4   0x00000098   Code   RO         2151    i.leftKeyDriver     keyboard.o
    0x0801323c   0x0801323c   0x00000002   Code   RO         1801    i.liftUpdate        deforming.o
    0x0801323e   0x0801323e   0x00000002   PAD
    0x08013240   0x08013240   0x000000c8   Code   RO         3613    i.lightBarsErrorCheck  warning.o
    0x08013308   0x08013308   0x00000178   Code   RO         3614    i.lightBarsJudgeUpdate  warning.o
    0x08013480   0x08013480   0x000002c4   Code   RO         3615    i.lightBarsOfContrl  warning.o
    0x08013744   0x08013744   0x000000f4   Code   RO         3616    i.lightBarsReportErrors  warning.o
    0x08013838   0x08013838   0x00000020   Code   RO         3617    i.lightBarsStateSwitch  warning.o
    0x08013858   0x08013858   0x00000110   Code   RO         3618    i.lightBarsStateUpdata  warning.o
    0x08013968   0x08013968   0x000000a0   Code   RO         3619    i.lightBarsUpdate   warning.o
    0x08013a08   0x08013a08   0x000003a4   Code   RO         2569    i.linkAimUpdata     power.o
    0x08013dac   0x08013dac   0x00000058   Code   RO         2084    i.localIdDistinguish  local_id.o
    0x08013e04   0x08013e04   0x00000048   Code   RO         2217    i.main              main.o
    0x08013e4c   0x08013e4c   0x0000006c   Code   RO        13374    i.malloc            mc_w.l(malloc.o)
    0x08013eb8   0x08013eb8   0x000000f2   Code   RO        11761    i.matrixDiv_f32     algebra.o
    0x08013faa   0x08013faa   0x00000002   PAD
    0x08013fac   0x08013fac   0x0000003c   Code   RO        11763    i.matrixInit        algebra.o
    0x08013fe8   0x08013fe8   0x000000b4   Code   RO         2409    i.meanRecursiveFilter  processing.o
    0x0801409c   0x0801409c   0x0000011c   Code   RO         4567    i.mecanumCalculate  driver_rmmotor.o
    0x080141b8   0x080141b8   0x00000020   Code   RO         1802    i.mechaDeformingInit  deforming.o
    0x080141d8   0x080141d8   0x000000d4   Code   RO         1803    i.mechaDeformingUpdate  deforming.o
    0x080142ac   0x080142ac   0x00000026   Code   RO        11480    i.mem_cmp           ff.o
    0x080142d2   0x080142d2   0x0000001a   Code   RO        11481    i.mem_cpy           ff.o
    0x080142ec   0x080142ec   0x00000014   Code   RO        11482    i.mem_set           ff.o
    0x08014300   0x08014300   0x00000090   Code   RO         3258    i.miniPTZAutomaticAimUpdate  vision.o
    0x08014390   0x08014390   0x000000b4   Code   RO         2645    i.mixControlCommand  slave_sensor.o
    0x08014444   0x08014444   0x00000054   Code   RO         2646    i.mixModularCommand  slave_sensor.o
    0x08014498   0x08014498   0x00000030   Code   RO         2647    i.mixSk6812Command  slave_sensor.o
    0x080144c8   0x080144c8   0x0000005c   Code   RO         2648    i.mixVisionCommand  slave_sensor.o
    0x08014524   0x08014524   0x00000028   Code   RO         2649    i.modularDataDecoding  slave_sensor.o
    0x0801454c   0x0801454c   0x00000100   Code   RO         2650    i.moduleCommandUpload  slave_sensor.o
    0x0801464c   0x0801464c   0x00000020   Code   RO         2651    i.motorCmdForward   slave_sensor.o
    0x0801466c   0x0801466c   0x00000024   Code   RO         2247    i.motorMessageReadDataFromTFCard  parameter.o
    0x08014690   0x08014690   0x00000024   Code   RO         2248    i.motorMessageWriteDataFormFlash  parameter.o
    0x080146b4   0x080146b4   0x0000004a   Code   RO         1804    i.motorRawAngle     deforming.o
    0x080146fe   0x080146fe   0x00000002   PAD
    0x08014700   0x08014700   0x000008cc   Code   RO         2152    i.moveDirectionCtrl  keyboard.o
    0x08014fcc   0x08014fcc   0x00000032   Code   RO        11483    i.move_window       ff.o
    0x08014ffe   0x08014ffe   0x00000002   PAD
    0x08015000   0x08015000   0x00000308   Code   RO         3259    i.newtonIterationMethod  vision.o
    0x08015308   0x08015308   0x00000038   Code   RO         2652    i.otherControDataDecoding  slave_sensor.o
    0x08015340   0x08015340   0x000001a8   Code   RO         2653    i.otherControlDataRead  slave_sensor.o
    0x080154e8   0x080154e8   0x00000038   Code   RO         2654    i.otherControlRead  slave_sensor.o
    0x08015520   0x08015520   0x00000024   Code   RO         2249    i.parameterReadDataFromTFCard  parameter.o
    0x08015544   0x08015544   0x00000024   Code   RO         2250    i.parameterWriteDataFormFlash  parameter.o
    0x08015568   0x08015568   0x0000004e   Code   RO         2313    i.pidInit           pid.o
    0x080155b6   0x080155b6   0x00000002   PAD
    0x080155b8   0x080155b8   0x00000228   Code   RO         2314    i.pidUpdate         pid.o
    0x080157e0   0x080157e0   0x00000050   Code   RO         2316    i.pidZeroState      pid.o
    0x08015830   0x08015830   0x00000002   Code   RO         2355    i.pneumaticInit     pneumatic.o
    0x08015832   0x08015832   0x00000002   PAD
    0x08015834   0x08015834   0x00000088   Code   RO         2356    i.pneumatic_can1_sentData  pneumatic.o
    0x080158bc   0x080158bc   0x00000088   Code   RO         2357    i.pneumatic_can2_sentData  pneumatic.o
    0x08015944   0x08015944   0x00000024   Code   RO         2358    i.pneumatic_readData  pneumatic.o
    0x08015968   0x08015968   0x00000026   Code   RO         2774    i.pokeMoterReadData  shoot.o
    0x0801598e   0x0801598e   0x00000002   PAD
    0x08015990   0x08015990   0x00000094   Code   RO         2775    i.pokeStallCheck    shoot.o
    0x08015a24   0x08015a24   0x000000c0   Code   RO         2570    i.powerDataReceive  power.o
    0x08015ae4   0x08015ae4   0x00000134   Code   RO         2571    i.powerDataTransportTask  power.o
    0x08015c18   0x08015c18   0x00000170   Code   RO         5471    i.powerInitFirstOrderFilter  driver_power.o
    0x08015d88   0x08015d88   0x00000200   Code   RO         1422    i.powerLimitHandle  chassis.o
    0x08015f88   0x08015f88   0x00000040   Code   RO         2573    i.powerLinkInit     power.o
    0x08015fc8   0x08015fc8   0x00000040   Code   RO         3750    i.prepareBeepPacket  driver_beep.o
    0x08016008   0x08016008   0x00000098   Code   RO        10159    i.prvAddCurrentTaskToDelayedList  tasks.o
    0x080160a0   0x080160a0   0x000000b8   Code   RO        10160    i.prvAddNewTaskToReadyList  tasks.o
    0x08016158   0x08016158   0x00000064   Code   RO        10531    i.prvCheckForValidListAndQueue  timers.o
    0x080161bc   0x080161bc   0x00000048   Code   RO        10161    i.prvCheckTasksWaitingTermination  tasks.o
    0x08016204   0x08016204   0x0000002a   Code   RO         9947    i.prvCopyDataFromQueue  queue.o
    0x0801622e   0x0801622e   0x0000007c   Code   RO         9948    i.prvCopyDataToQueue  queue.o
    0x080162aa   0x080162aa   0x00000012   Code   RO        10162    i.prvDeleteTCB      tasks.o
    0x080162bc   0x080162bc   0x00000028   Code   RO        10532    i.prvGetNextExpireTime  timers.o
    0x080162e4   0x080162e4   0x0000007c   Code   RO         9775    i.prvHeapInit       heap_4.o
    0x08016360   0x08016360   0x0000002c   Code   RO        10163    i.prvIdleTask       tasks.o
    0x0801638c   0x0801638c   0x0000002a   Code   RO         9951    i.prvInitialiseNewQueue  queue.o
    0x080163b6   0x080163b6   0x000000b6   Code   RO        10164    i.prvInitialiseNewTask  tasks.o
    0x0801646c   0x0801646c   0x00000068   Code   RO        10165    i.prvInitialiseTaskLists  tasks.o
    0x080164d4   0x080164d4   0x00000068   Code   RO         9776    i.prvInsertBlockIntoFreeList  heap_4.o
    0x0801653c   0x0801653c   0x00000058   Code   RO        10534    i.prvInsertTimerInActiveList  timers.o
    0x08016594   0x08016594   0x0000001a   Code   RO         9952    i.prvIsQueueEmpty   queue.o
    0x080165ae   0x080165ae   0x0000001e   Code   RO         9953    i.prvIsQueueFull    queue.o
    0x080165cc   0x080165cc   0x00000064   Code   RO        10535    i.prvProcessExpiredTimer  timers.o
    0x08016630   0x08016630   0x00000120   Code   RO        10536    i.prvProcessReceivedCommands  timers.o
    0x08016750   0x08016750   0x00000074   Code   RO        10537    i.prvProcessTimerOrBlockTask  timers.o
    0x080167c4   0x080167c4   0x00000034   Code   RO        10167    i.prvResetNextTaskUnblockTime  tasks.o
    0x080167f8   0x080167f8   0x0000002c   Code   RO        10538    i.prvSampleTimeNow  timers.o
    0x08016824   0x08016824   0x000000a0   Code   RO        10539    i.prvSwitchTimerLists  timers.o
    0x080168c4   0x080168c4   0x00000040   Code   RO         9700    i.prvTaskExitError  port.o
    0x08016904   0x08016904   0x0000001a   Code   RO        10540    i.prvTimerTask      timers.o
    0x0801691e   0x0801691e   0x0000007e   Code   RO         9954    i.prvUnlockQueue    queue.o
    0x0801699c   0x0801699c   0x00000136   Code   RO        11484    i.put_fat           ff.o
    0x08016ad2   0x08016ad2   0x00000044   Code   RO        11485    i.putc_bfd          ff.o
    0x08016b16   0x08016b16   0x00000002   PAD
    0x08016b18   0x08016b18   0x0000013c   Code   RO         9777    i.pvPortMalloc      heap_4.o
    0x08016c54   0x08016c54   0x0000002c   Code   RO         9701    i.pxPortInitialiseStack  port.o
    0x08016c80   0x08016c80   0x000002f4   Code   RO        11764    i.qrDecompositionT_f32  algebra.o
    0x08016f74   0x08016f74   0x000000b8   Code   RO         2488    i.rcDt7Scale        rc.o
    0x0801702c   0x0801702c   0x00000024   Code   RO         2489    i.rcInit            rc.o
    0x08017050   0x08017050   0x00000060   Code   RO         2491    i.rcUpdateTask      rc.o
    0x080170b0   0x080170b0   0x00000150   Code   RO         2251    i.readMotormessage  parameter.o
    0x08017200   0x08017200   0x0000001c   Code   RO         1805    i.readOpSwitch602_data  deforming.o
    0x0801721c   0x0801721c   0x0000001c   Code   RO         2492    i.remoteCtrlChassisHook  rc.o
    0x08017238   0x08017238   0x00000018   Code   RO         2493    i.remoteCtrlGimbalHook  rc.o
    0x08017250   0x08017250   0x0000006c   Code   RO        11486    i.remove_chain      ff.o
    0x080172bc   0x080172bc   0x00000002   Code   RO         1806    i.resSetPress       deforming.o
    0x080172be   0x080172be   0x00000002   PAD
    0x080172c0   0x080172c0   0x00000044   Code   RO         3751    i.rgbLedConfig      driver_beep.o
    0x08017304   0x08017304   0x00000098   Code   RO         2153    i.rightKeyDriver    keyboard.o
    0x0801739c   0x0801739c   0x0000002a   Code   RO         4568    i.rmmotor_readdata  driver_rmmotor.o
    0x080173c6   0x080173c6   0x0000008e   Code   RO         4569    i.rmmotor_senddata  driver_rmmotor.o
    0x08017454   0x08017454   0x00000078   Code   RO         3210    i.robotDistinguish  type_robot.o
    0x080174cc   0x080174cc   0x000000dc   Code   RO         4028    i.robotExchangeData  driver_judge.o
    0x080175a8   0x080175a8   0x00000054   Code   RO         3835    i.rs485DataUpdata   driver_dmmotor.o
    0x080175fc   0x080175fc   0x00000020   Code   RO         3836    i.rs485DeviceInit   driver_dmmotor.o
    0x0801761c   0x0801761c   0x00000174   Code   RO         3837    i.rs485ReceiveData  driver_dmmotor.o
    0x08017790   0x08017790   0x000000a0   Code   RO         3838    i.rs485SendGimbalUpdata  driver_dmmotor.o
    0x08017830   0x08017830   0x00000054   Code   RO         2574    i.sendPowerDataInit  power.o
    0x08017884   0x08017884   0x000000b4   Code   RO         2410    i.sensorCalibProcess  processing.o
    0x08017938   0x08017938   0x00000048   Code   RO         2411    i.sensorProcessInit  processing.o
    0x08017980   0x08017980   0x00000134   Code   RO         2412    i.sensorProcessUpdate  processing.o
    0x08017ab4   0x08017ab4   0x00000038   Code   RO         2413    i.sensorScaleProcess  processing.o
    0x08017aec   0x08017aec   0x00000038   Code   RO         2414    i.sensorTempScaleProcess  processing.o
    0x08017b24   0x08017b24   0x00000184   Code   RO          778    i.sentryAngleUpdate  auto_sentry.o
    0x08017ca8   0x08017ca8   0x000000f4   Code   RO          779    i.sentryAttackTaskUpdate  auto_sentry.o
    0x08017d9c   0x08017d9c   0x00000154   Code   RO          780    i.sentryAutoTaskUpdate  auto_sentry.o
    0x08017ef0   0x08017ef0   0x000000a0   Code   RO          781    i.sentryChassisControl  auto_sentry.o
    0x08017f90   0x08017f90   0x00000180   Code   RO          782    i.sentryModeUpdate  auto_sentry.o
    0x08018110   0x08018110   0x000002e4   Code   RO          783    i.sentryPatrolTaskUpdate  auto_sentry.o
    0x080183f4   0x080183f4   0x00000430   Code   RO          785    i.sentryUnderAttackTaskUpdate  auto_sentry.o
    0x08018824   0x08018824   0x000000ac   Code   RO         1423    i.separateGimbalHandle  chassis.o
    0x080188d0   0x080188d0   0x00000020   Code   RO         4878    i.setAllLedColors   driver_sk6812.o
    0x080188f0   0x080188f0   0x00000008   Code   RO         4879    i.setColor          driver_sk6812.o
    0x080188f8   0x080188f8   0x00000010   Code   RO         4880    i.setOneLedHsv      driver_sk6812.o
    0x08018908   0x08018908   0x0000004c   Code   RO         2776    i.shootBigFrictiongearUpdate  shoot.o
    0x08018954   0x08018954   0x00000024   Code   RO         2777    i.shootDataReset    shoot.o
    0x08018978   0x08018978   0x0000013c   Code   RO         2778    i.shootInit         shoot.o
    0x08018ab4   0x08018ab4   0x000000dc   Code   RO         2779    i.shootManualUpdate  shoot.o
    0x08018b90   0x08018b90   0x00000020   Code   RO         2780    i.shootModeManualSingle  shoot.o
    0x08018bb0   0x08018bb0   0x00000050   Code   RO         2781    i.shootOverTimeCheck  shoot.o
    0x08018c00   0x08018c00   0x00000080   Code   RO         2782    i.shootProtect      shoot.o
    0x08018c80   0x08018c80   0x00000038   Code   RO         2783    i.shootProtectTank  shoot.o
    0x08018cb8   0x08018cb8   0x00000128   Code   RO         2784    i.shootSmallFrictiongearUpdate  shoot.o
    0x08018de0   0x08018de0   0x0000001c   Code   RO          968    i.shootSwitch       auto_task.o
    0x08018dfc   0x08018dfc   0x00000018   Code   RO         2785    i.shootTimesCount   shoot.o
    0x08018e14   0x08018e14   0x00000248   Code   RO         2786    i.shootUpdate       shoot.o
    0x0801905c   0x0801905c   0x00000048   Code   RO         3260    i.shootVisionControl  vision.o
    0x080190a4   0x080190a4   0x0000008c   Code   RO         3261    i.shootVisionInit   vision.o
    0x08019130   0x08019130   0x00000044   Code   RO         3262    i.shootVisionUpdate  vision.o
    0x08019174   0x08019174   0x00000054   Code   RO         2787    i.shooterHeatAbjust  shoot.o
    0x080191c8   0x080191c8   0x00000060   Code   RO         2788    i.shooterHeatControl  shoot.o
    0x08019228   0x08019228   0x00000034   Code   RO         2789    i.shooterHeatCooling  shoot.o
    0x0801925c   0x0801925c   0x00000150   Code   RO         2790    i.shooterHeatDataCount  shoot.o
    0x080193ac   0x080193ac   0x0000018c   Code   RO         2791    i.shooterHeatDataCountTank  shoot.o
    0x08019538   0x08019538   0x0000006c   Code   RO         2792    i.shooterHeatIncreasing  shoot.o
    0x080195a4   0x080195a4   0x000000a4   Code   RO         2793    i.shooterHeatIncreasingTank  shoot.o
    0x08019648   0x08019648   0x000000f8   Code   RO         2794    i.shootpokeMoterUpdate  shoot.o
    0x08019740   0x08019740   0x000000d8   Code   RO         2655    i.slaveGimbalDataRead  slave_sensor.o
    0x08019818   0x08019818   0x0000015c   Code   RO         2656    i.slaveImuDataRead  slave_sensor.o
    0x08019974   0x08019974   0x00000054   Code   RO         2657    i.slaveSensorConfig  slave_sensor.o
    0x080199c8   0x080199c8   0x00000040   Code   RO         2658    i.slaveSensorRead   slave_sensor.o
    0x08019a08   0x08019a08   0x00000014   Code   RO         2795    i.smallPokeSpeedRefChange  shoot.o
    0x08019a1c   0x08019a1c   0x000000f0   Code   RO        12037    i.srcdkfCalcSigmaPoints  srcdkf.o
    0x08019b0c   0x08019b0c   0x00000006   Code   RO        12038    i.srcdkfGetState    srcdkf.o
    0x08019b12   0x08019b12   0x0000021c   Code   RO        12040    i.srcdkfInit        srcdkf.o
    0x08019d2e   0x08019d2e   0x00000002   PAD
    0x08019d30   0x08019d30   0x0000054e   Code   RO        12041    i.srcdkfMeasurementUpdate  srcdkf.o
    0x0801a27e   0x0801a27e   0x000000a6   Code   RO        12042    i.srcdkfSetVariance  srcdkf.o
    0x0801a324   0x0801a324   0x00000190   Code   RO        12043    i.srcdkfTimeUpdate  srcdkf.o
    0x0801a4b4   0x0801a4b4   0x00000010   Code   RO        11487    i.st_clust          ff.o
    0x0801a4c4   0x0801a4c4   0x00000038   Code   RO         2947    i.supervisorArmedSwitch  supervisor.o
    0x0801a4fc   0x0801a4fc   0x00000048   Code   RO         2948    i.supervisorCurrentError  supervisor.o
    0x0801a544   0x0801a544   0x00000008   Code   RO         2949    i.supervisorDefineID  supervisor.o
    0x0801a54c   0x0801a54c   0x0000001c   Code   RO         2950    i.supervisorDefineRbot  supervisor.o
    0x0801a568   0x0801a568   0x0000003c   Code   RO         2951    i.supervisorFlash   supervisor.o
    0x0801a5a4   0x0801a5a4   0x00000058   Code   RO         2952    i.supervisorGimbalCali  supervisor.o
    0x0801a5fc   0x0801a5fc   0x0000001c   Code   RO         2953    i.supervisorImuCali  supervisor.o
    0x0801a618   0x0801a618   0x00000038   Code   RO         2954    i.supervisorInit    supervisor.o
    0x0801a650   0x0801a650   0x0000004c   Code   RO         2955    i.supervisorJudgeError  supervisor.o
    0x0801a69c   0x0801a69c   0x00000098   Code   RO         2956    i.supervisorLedSwitch  supervisor.o
    0x0801a734   0x0801a734   0x00000010   Code   RO         2957    i.supervisorMagCali  supervisor.o
    0x0801a744   0x0801a744   0x000001a8   Code   RO         2958    i.supervisorMotorError  supervisor.o
    0x0801a8ec   0x0801a8ec   0x00000054   Code   RO         2959    i.supervisorRadioLoss  supervisor.o
    0x0801a940   0x0801a940   0x00000040   Code   RO         2960    i.supervisorSlaveError  supervisor.o
    0x0801a980   0x0801a980   0x00000020   Code   RO         2961    i.supervisorStateSwitch  supervisor.o
    0x0801a9a0   0x0801a9a0   0x0000005c   Code   RO         2962    i.supervisorTaskCheck  supervisor.o
    0x0801a9fc   0x0801a9fc   0x00000458   Code   RO         2963    i.supervisorUpdateTask  supervisor.o
    0x0801ae54   0x0801ae54   0x00000054   Code   RO         2964    i.supervisorVisionError  supervisor.o
    0x0801aea8   0x0801aea8   0x00000048   Code   RO         3171    i.supplyInit        supply.o
    0x0801aef0   0x0801aef0   0x00000088   Code   RO         3172    i.supplyUpdate      supply.o
    0x0801af78   0x0801af78   0x000000c8   Code   RO        11488    i.sync_fs           ff.o
    0x0801b040   0x0801b040   0x0000004c   Code   RO        11489    i.sync_window       ff.o
    0x0801b08c   0x0801b08c   0x0000002c   Code   RO         3081    i.tFCardConfig      tf_card_parameter.o
    0x0801b0b8   0x0801b0b8   0x00000074   Code   RO         2252    i.tFCardUpdate      parameter.o
    0x0801b12c   0x0801b12c   0x00000070   Code   RO          870    i.tankAutoTaskUpdate  auto_tank.o
    0x0801b19c   0x0801b19c   0x00000138   Code   RO          871    i.tankAutomaticAimUpdate  auto_tank.o
    0x0801b2d4   0x0801b2d4   0x00000118   Code   RO          872    i.tankAviodUpdate   auto_tank.o
    0x0801b3ec   0x0801b3ec   0x00000228   Code   RO          873    i.tankBulletAroundUpdate  auto_tank.o
    0x0801b614   0x0801b614   0x00000114   Code   RO          874    i.tankBulletSupplyUpdate  auto_tank.o
    0x0801b728   0x0801b728   0x0000019c   Code   RO          876    i.tankMortarUpdate  auto_tank.o
    0x0801b8c4   0x0801b8c4   0x00000070   Code   RO          877    i.tankRCUpdate      auto_tank.o
    0x0801b934   0x0801b934   0x00000028   Code   RO          878    i.tankSuicideFireUpdate  auto_tank.o
    0x0801b95c   0x0801b95c   0x00000014   Code   RO          879    i.tankTaskBegin     auto_tank.o
    0x0801b970   0x0801b970   0x00000118   Code   RO          880    i.tankTurnAroundUpdate  auto_tank.o
    0x0801ba88   0x0801ba88   0x0000002c   Code   RO         3082    i.tfFATFS_Init      tf_card_parameter.o
    0x0801bab4   0x0801bab4   0x00000078   Code   RO         3083    i.tfMotorread       tf_card_parameter.o
    0x0801bb2c   0x0801bb2c   0x00000088   Code   RO         3084    i.tfMotorwrite      tf_card_parameter.o
    0x0801bbb4   0x0801bbb4   0x00000040   Code   RO         3085    i.tfOpenFileID      tf_card_parameter.o
    0x0801bbf4   0x0801bbf4   0x00000044   Code   RO         3086    i.tfOpenMotorFileID  tf_card_parameter.o
    0x0801bc38   0x0801bc38   0x00000078   Code   RO         3087    i.tfOverread        tf_card_parameter.o
    0x0801bcb0   0x0801bcb0   0x00000088   Code   RO         3088    i.tfOverwrite       tf_card_parameter.o
    0x0801bd38   0x0801bd38   0x00000002   Code   RO         2796    i.turntableMove     shoot.o
    0x0801bd3a   0x0801bd3a   0x00000002   PAD
    0x0801bd3c   0x0801bd3c   0x00000040   Code   RO         1076    i.uavAutoTaskUpdate  auto_uav.o
    0x0801bd7c   0x0801bd7c   0x0000012c   Code   RO         1077    i.uavAutomaticAimUpdate  auto_uav.o
    0x0801bea8   0x0801bea8   0x00000014   Code   RO         1078    i.uavTaskBegin      auto_uav.o
    0x0801bebc   0x0801bebc   0x00000028   Code   RO         9662    i.uxListRemove      list.o
    0x0801bee4   0x0801bee4   0x00000002   Code   RO        12332    i.vApplicationIdleHook  cpu_utils.o
    0x0801bee6   0x0801bee6   0x00000002   Code   RO        12334    i.vApplicationStackOverflowHook  cpu_utils.o
    0x0801bee8   0x0801bee8   0x0000001a   Code   RO         9663    i.vListInitialise   list.o
    0x0801bf02   0x0801bf02   0x00000006   Code   RO         9664    i.vListInitialiseItem  list.o
    0x0801bf08   0x0801bf08   0x00000034   Code   RO         9665    i.vListInsert       list.o
    0x0801bf3c   0x0801bf3c   0x00000018   Code   RO         9666    i.vListInsertEnd    list.o
    0x0801bf54   0x0801bf54   0x00000054   Code   RO         9703    i.vPortEnterCritical  port.o
    0x0801bfa8   0x0801bfa8   0x0000003c   Code   RO         9704    i.vPortExitCritical  port.o
    0x0801bfe4   0x0801bfe4   0x00000094   Code   RO         9778    i.vPortFree         heap_4.o
    0x0801c078   0x0801c078   0x00000018   Code   RO         9705    i.vPortSetupTimerInterrupt  port.o
    0x0801c090   0x0801c090   0x00000078   Code   RO         9706    i.vPortValidateInterruptPriority  port.o
    0x0801c108   0x0801c108   0x0000002c   Code   RO         9960    i.vQueueAddToRegistry  queue.o
    0x0801c134   0x0801c134   0x0000004a   Code   RO         9964    i.vQueueWaitForMessageRestricted  queue.o
    0x0801c17e   0x0801c17e   0x00000002   PAD
    0x0801c180   0x0801c180   0x0000005c   Code   RO        10180    i.vTaskDelay        tasks.o
    0x0801c1dc   0x0801c1dc   0x000000d4   Code   RO        10181    i.vTaskDelayUntil   tasks.o
    0x0801c2b0   0x0801c2b0   0x000000f4   Code   RO        10182    i.vTaskDelete       tasks.o
    0x0801c3a4   0x0801c3a4   0x00000018   Code   RO        10186    i.vTaskInternalSetTimeOutState  tasks.o
    0x0801c3bc   0x0801c3bc   0x0000000c   Code   RO        10188    i.vTaskMissedYield  tasks.o
    0x0801c3c8   0x0801c3c8   0x00000038   Code   RO        10190    i.vTaskPlaceOnEventList  tasks.o
    0x0801c400   0x0801c400   0x00000040   Code   RO        10191    i.vTaskPlaceOnEventListRestricted  tasks.o
    0x0801c440   0x0801c440   0x0000009c   Code   RO        10199    i.vTaskStartScheduler  tasks.o
    0x0801c4dc   0x0801c4dc   0x00000010   Code   RO        10201    i.vTaskSuspendAll   tasks.o
    0x0801c4ec   0x0801c4ec   0x000000e8   Code   RO        10202    i.vTaskSwitchContext  tasks.o
    0x0801c5d4   0x0801c5d4   0x00000036   Code   RO        11490    i.validate          ff.o
    0x0801c60a   0x0801c60a   0x00000002   PAD
    0x0801c60c   0x0801c60c   0x00000078   Code   RO         3263    i.visionCoordinateCalculation  vision.o
    0x0801c684   0x0801c684   0x00000020   Code   RO         2659    i.visionDataDecoding  slave_sensor.o
    0x0801c6a4   0x0801c6a4   0x00000324   Code   RO         3264    i.visionFireFbdUpdata  vision.o
    0x0801c9c8   0x0801c9c8   0x00000098   Code   RO         3265    i.visionInit        vision.o
    0x0801ca60   0x0801ca60   0x00000070   Code   RO         3266    i.visionMatchAngle  vision.o
    0x0801cad0   0x0801cad0   0x00000038   Code   RO         3267    i.visionMortar      vision.o
    0x0801cb08   0x0801cb08   0x0000025c   Code   RO         3268    i.visionPTZAngleCalculation  vision.o
    0x0801cd64   0x0801cd64   0x0000054c   Code   RO         3269    i.visionPTZAnglePredict  vision.o
    0x0801d2b0   0x0801d2b0   0x000000b4   Code   RO         3270    i.visionPredictReset  vision.o
    0x0801d364   0x0801d364   0x00000014   Code   RO         3271    i.visionSendDataInit  vision.o
    0x0801d378   0x0801d378   0x00000010   Code   RO         3272    i.visionSendDataUpdate  vision.o
    0x0801d388   0x0801d388   0x0000004c   Code   RO         3273    i.visionStoreHistoricalData  vision.o
    0x0801d3d4   0x0801d3d4   0x0000006c   Code   RO         3404    i.visionUkfDoPosUpdate  vision_ukf.o
    0x0801d440   0x0801d440   0x00000068   Code   RO         3405    i.visionUkfDoVelUpdate  vision_ukf.o
    0x0801d4a8   0x0801d4a8   0x000000f8   Code   RO         3406    i.visionUkfInit     vision_ukf.o
    0x0801d5a0   0x0801d5a0   0x00000032   Code   RO         3407    i.visionUkfPosUpdate  vision_ukf.o
    0x0801d5d2   0x0801d5d2   0x00000002   PAD
    0x0801d5d4   0x0801d5d4   0x00000064   Code   RO         3408    i.visionUkfProcess  vision_ukf.o
    0x0801d638   0x0801d638   0x000000dc   Code   RO         3409    i.visionUkfStateInit  vision_ukf.o
    0x0801d714   0x0801d714   0x00000160   Code   RO         3410    i.visionUkfTimeUpdate  vision_ukf.o
    0x0801d874   0x0801d874   0x00000032   Code   RO         3411    i.visionUkfVelUpdate  vision_ukf.o
    0x0801d8a6   0x0801d8a6   0x00000002   PAD
    0x0801d8a8   0x0801d8a8   0x00000290   Code   RO         3274    i.visionUpdateTask  vision.o
    0x0801db38   0x0801db38   0x00000040   Code   RO         3620    i.warningUpdate     warning.o
    0x0801db78   0x0801db78   0x00000150   Code   RO         2253    i.writeMotormessage  parameter.o
    0x0801dcc8   0x0801dcc8   0x0000001a   Code   RO         9844    i.xEventGroupCreate  event_groups.o
    0x0801dce2   0x0801dce2   0x00000002   PAD
    0x0801dce4   0x0801dce4   0x00000168   Code   RO         9707    i.xPortStartScheduler  port.o
    0x0801de4c   0x0801de4c   0x00000058   Code   RO         9967    i.xQueueGenericCreate  queue.o
    0x0801dea4   0x0801dea4   0x00000098   Code   RO         9968    i.xQueueGenericReset  queue.o
    0x0801df3c   0x0801df3c   0x000001a8   Code   RO         9969    i.xQueueGenericSend  queue.o
    0x0801e0e4   0x0801e0e4   0x000000f8   Code   RO         9970    i.xQueueGenericSendFromISR  queue.o
    0x0801e1dc   0x0801e1dc   0x00000168   Code   RO         9977    i.xQueueReceive     queue.o
    0x0801e344   0x0801e344   0x0000008c   Code   RO        10203    i.xTaskCheckForTimeOut  tasks.o
    0x0801e3d0   0x0801e3d0   0x00000060   Code   RO        10204    i.xTaskCreate       tasks.o
    0x0801e430   0x0801e430   0x00000020   Code   RO        10208    i.xTaskGetSchedulerState  tasks.o
    0x0801e450   0x0801e450   0x0000000c   Code   RO        10209    i.xTaskGetTickCount  tasks.o
    0x0801e45c   0x0801e45c   0x00000148   Code   RO        10211    i.xTaskIncrementTick  tasks.o
    0x0801e5a4   0x0801e5a4   0x000000c8   Code   RO        10214    i.xTaskPriorityDisinherit  tasks.o
    0x0801e66c   0x0801e66c   0x00000098   Code   RO        10216    i.xTaskRemoveFromEventList  tasks.o
    0x0801e704   0x0801e704   0x00000104   Code   RO        10217    i.xTaskResumeAll    tasks.o
    0x0801e808   0x0801e808   0x00000054   Code   RO        10546    i.xTimerCreateTimerTask  timers.o
    0x0801e85c   0x0801e85c   0x00000084   Code   RO        10547    i.xTimerGenericCommand  timers.o
    0x0801e8e0   0x0801e8e0   0x0000031c   Data   RO         4030    .constdata          driver_judge.o
    0x0801ebfc   0x0801ebfc   0x0000001c   Data   RO         5874    .constdata          bsp_can.o
    0x0801ec18   0x0801ec18   0x000003c0   Data   RO         5934    .constdata          bsp_dma.o
    0x0801efd8   0x0801efd8   0x00000580   Data   RO         6079    .constdata          bsp_gpio.o
    0x0801f558   0x0801f558   0x00000804   Data   RO        12935    .constdata          arm_cortexM4lf_math.lib(arm_common_tables.o)
    0x0801fd5c   0x0801fd5c   0x00000004   PAD
    0x0801fd60   0x0801fd60   0x00000098   Data   RO        12973    .constdata          m_wm.l(atan.o)
    0x0801fdf8   0x0801fdf8   0x00000030   Data   RO        13430    .constdata          m_wm.l(cos_i.o)
    0x0801fe28   0x0801fe28   0x000000c8   Data   RO        13468    .constdata          m_wm.l(rred.o)
    0x0801fef0   0x0801fef0   0x00000020   Data   RO        13472    .constdata          m_wm.l(rredf.o)
    0x0801ff10   0x0801ff10   0x00000028   Data   RO        13475    .constdata          m_wm.l(sin_i.o)
    0x0801ff38   0x0801ff38   0x00000040   Data   RO        13565    .constdata          mc_w.l(ctype_c.o)
    0x0801ff78   0x0801ff78   0x00000c23   Data   RO         1506    .conststring        config.o
    0x08020b9b   0x08020b9b   0x00000001   PAD
    0x08020b9c   0x08020b9c   0x00000020   Data   RO        13567    Region$$Table       anon$$obj.o


    Execution Region RW_IRAM1 (Exec base: 0x20000000, Load base: 0x08020bbc, Size: 0x00022250, Max: 0x00030000, ABSOLUTE, COMPRESSED[0x0000057c])

    Exec Addr    Load Addr    Size         Type   Attr      Idx    E Section Name        Object

    0x20000000   COMPRESSED   0x00000344   Data   RW         1505    .ccm                config.o
    0x20000344   COMPRESSED   0x0000005c   Data   RW         2966    .ccm                supervisor.o
    0x200003a0   COMPRESSED   0x0000a090   Data   RW        12193    .ccm                util.o
    0x2000a430   COMPRESSED   0x00000004   Data   RW            5    .data               app_init.o
    0x2000a434   COMPRESSED   0x00000002   Data   RW          571    .data               auto_auxiliary.o
    0x2000a436   COMPRESSED   0x00000008   Data   RW          721    .data               auto_infantry.o
    0x2000a43e   COMPRESSED   0x00000002   PAD
    0x2000a440   COMPRESSED   0x00000078   Data   RW          787    .data               auto_sentry.o
    0x2000a4b8   COMPRESSED   0x00000001   Data   RW          882    .data               auto_tank.o
    0x2000a4b9   COMPRESSED   0x00000003   PAD
    0x2000a4bc   COMPRESSED   0x0000000c   Data   RW          969    .data               auto_task.o
    0x2000a4c8   COMPRESSED   0x00000344   Data   RW         1507    .data               config.o
    0x2000a80c   COMPRESSED   0x00000006   Data   RW         1622    .data               control.o
    0x2000a812   COMPRESSED   0x00000002   PAD
    0x2000a814   COMPRESSED   0x0000002b   Data   RW         1808    .data               deforming.o
    0x2000a83f   COMPRESSED   0x00000001   PAD
    0x2000a840   COMPRESSED   0x000000c4   Data   RW         1923    .data               gimbal.o
    0x2000a904   COMPRESSED   0x00000018   Data   RW         2155    .data               keyboard.o
    0x2000a91c   COMPRESSED   0x00000004   Data   RW         2218    .data               main.o
    0x2000a920   COMPRESSED   0x00000004   Data   RW         2254    .data               parameter.o
    0x2000a924   COMPRESSED   0x00000004   Data   RW         2416    .data               processing.o
    0x2000a928   COMPRESSED   0x00000010   Data   RW         2576    .data               power.o
    0x2000a938   COMPRESSED   0x00000002   Data   RW         2661    .data               slave_sensor.o
    0x2000a93a   COMPRESSED   0x00000002   PAD
    0x2000a93c   COMPRESSED   0x00000018   Data   RW         2798    .data               shoot.o
    0x2000a954   COMPRESSED   0x00000098   Data   RW         3276    .data               vision.o
    0x2000a9ec   COMPRESSED   0x00000002   Data   RW         3622    .data               warning.o
    0x2000a9ee   COMPRESSED   0x00000002   PAD
    0x2000a9f0   COMPRESSED   0x00000be8   Data   RW         3753    .data               driver_beep.o
    0x2000b5d8   COMPRESSED   0x00000001   Data   RW         3840    .data               driver_dmmotor.o
    0x2000b5d9   COMPRESSED   0x00000001   PAD
    0x2000b5da   COMPRESSED   0x00000004   Data   RW         4031    .data               driver_judge.o
    0x2000b5de   COMPRESSED   0x00000002   PAD
    0x2000b5e0   COMPRESSED   0x00000038   Data   RW         4280    .data               driver_mpu6500.o
    0x2000b618   COMPRESSED   0x00000020   Data   RW         4571    .data               driver_rmmotor.o
    0x2000b638   COMPRESSED   0x00000010   Data   RW         4688    .data               driver_sdcard.o
    0x2000b648   COMPRESSED   0x00000010   Data   RW         5421    .data               driver_vl53l0x.o
    0x2000b658   COMPRESSED   0x00000002   Data   RW         5584    .data               isp_can.o
    0x2000b65a   COMPRESSED   0x00000003   Data   RW         5809    .data               isp_usart.o
    0x2000b65d   COMPRESSED   0x00000003   PAD
    0x2000b660   COMPRESSED   0x00000004   Data   RW         6383    .data               bsp_usart.o
    0x2000b664   COMPRESSED   0x00000010   Data   RW         7113    .data               stm32f4xx_rcc.o
    0x2000b674   COMPRESSED   0x0000000c   Data   RW         9708    .data               port.o
    0x2000b680   COMPRESSED   0x00000018   Data   RW         9783    .data               heap_4.o
    0x2000b698   COMPRESSED   0x00000044   Data   RW        10220    .data               tasks.o
    0x2000b6dc   COMPRESSED   0x00000014   Data   RW        10555    .data               timers.o
    0x2000b6f0   COMPRESSED   0x00000034   Data   RW        11121    .data               usbd_core.o
    0x2000b724   COMPRESSED   0x0000000d   Data   RW        11291    .data               usbd_req.o
    0x2000b731   COMPRESSED   0x00000001   PAD
    0x2000b732   COMPRESSED   0x00000002   Data   RW        11493    .data               ff.o
    0x2000b734   COMPRESSED   0x00000010   Data   RW        12194    .data               util.o
    0x2000b744   COMPRESSED   0x00000004   Data   RW        13092    .data               mc_w.l(rand.o)
    0x2000b748   COMPRESSED   0x00000004   Data   RW        13516    .data               mc_w.l(mvars.o)
    0x2000b74c   COMPRESSED   0x00000004   Data   RW        13517    .data               mc_w.l(mvars.o)
    0x2000b750   COMPRESSED   0x00000004   Data   RW        13521    .data               mc_w.l(errno.o)
    0x2000b754        -       0x00000024   Zero   RW          570    .bss                auto_auxiliary.o
    0x2000b778        -       0x00000024   Zero   RW          720    .bss                auto_infantry.o
    0x2000b79c        -       0x00000024   Zero   RW          786    .bss                auto_sentry.o
    0x2000b7c0        -       0x00000024   Zero   RW          881    .bss                auto_tank.o
    0x2000b7e4        -       0x00000024   Zero   RW         1079    .bss                auto_uav.o
    0x2000b808        -       0x00000060   Zero   RW         1236    .bss                cali.o
    0x2000b868        -       0x00000064   Zero   RW         1342    .bss                cansend.o
    0x2000b8cc   COMPRESSED   0x00000004   PAD
    0x2000b8d0        -       0x00000180   Zero   RW         1424    .bss                chassis.o
    0x2000ba50        -       0x0000000c   Zero   RW         1621    .bss                control.o
    0x2000ba5c   COMPRESSED   0x00000004   PAD
    0x2000ba60        -       0x00000018   Zero   RW         1712    .bss                clockcount.o
    0x2000ba78        -       0x0000004c   Zero   RW         1807    .bss                deforming.o
    0x2000bac4   COMPRESSED   0x00000004   PAD
    0x2000bac8        -       0x000000a8   Zero   RW         1922    .bss                gimbal.o
    0x2000bb70        -       0x000000e0   Zero   RW         2003    .bss                imu.o
    0x2000bc50        -       0x000001fc   Zero   RW         2048    .bss                judge.o
    0x2000be4c        -       0x00000010   Zero   RW         2088    .bss                local_id.o
    0x2000be5c        -       0x00000028   Zero   RW         2154    .bss                keyboard.o
    0x2000be84        -       0x0000001f   Zero   RW         2359    .bss                pneumatic.o
    0x2000bea3   COMPRESSED   0x00000001   PAD
    0x2000bea4        -       0x000002e0   Zero   RW         2415    .bss                processing.o
    0x2000c184        -       0x00000094   Zero   RW         2494    .bss                rc.o
    0x2000c218        -       0x00000100   Zero   RW         2575    .bss                power.o
    0x2000c318        -       0x0000006c   Zero   RW         2660    .bss                slave_sensor.o
    0x2000c384   COMPRESSED   0x00000004   PAD
    0x2000c388        -       0x00000118   Zero   RW         2797    .bss                shoot.o
    0x2000c4a0        -       0x0000001c   Zero   RW         2965    .bss                supervisor.o
    0x2000c4bc        -       0x00000230   Zero   RW         3091    .bss                tf_card_parameter.o
    0x2000c6ec   COMPRESSED   0x00000004   PAD
    0x2000c6f0        -       0x00000020   Zero   RW         3173    .bss                supply.o
    0x2000c710        -       0x0000001c   Zero   RW         3211    .bss                type_robot.o
    0x2000c72c   COMPRESSED   0x00000004   PAD
    0x2000c730        -       0x00000348   Zero   RW         3275    .bss                vision.o
    0x2000ca78        -       0x00000028   Zero   RW         3412    .bss                vision_ukf.o
    0x2000caa0        -       0x000000b2   Zero   RW         3499    .bss                wireless.o
    0x2000cb52   COMPRESSED   0x00000002   PAD
    0x2000cb54        -       0x0000001c   Zero   RW         3621    .bss                warning.o
    0x2000cb70        -       0x00000130   Zero   RW         3692    .bss                driver_adc.o
    0x2000cca0        -       0x000000c2   Zero   RW         3752    .bss                driver_beep.o
    0x2000cd62   COMPRESSED   0x00000002   PAD
    0x2000cd64        -       0x000000a0   Zero   RW         3839    .bss                driver_dmmotor.o
    0x2000ce04        -       0x00000102   Zero   RW         4029    .bss                driver_judge.o
    0x2000cf06   COMPRESSED   0x00000002   PAD
    0x2000cf08        -       0x0000004c   Zero   RW         4279    .bss                driver_mpu6500.o
    0x2000cf54        -       0x000001c8   Zero   RW         4570    .bss                driver_rmmotor.o
    0x2000d11c   COMPRESSED   0x00000004   PAD
    0x2000d120        -       0x000002c0   Zero   RW         4687    .bss                driver_sdcard.o
    0x2000d3e0        -       0x000001aa   Zero   RW         4881    .bss                driver_sk6812.o
    0x2000d58a   COMPRESSED   0x00000002   PAD
    0x2000d58c        -       0x00000f78   Zero   RW         5033    .bss                driver_usbvcp.o
    0x2000e504        -       0x000000f0   Zero   RW         5420    .bss                driver_vl53l0x.o
    0x2000e5f4        -       0x00000134   Zero   RW         5474    .bss                driver_power.o
    0x2000e728        -       0x0000000c   Zero   RW         5551    .bss                driver_coder.o
    0x2000e734        -       0x00001300   Zero   RW         6382    .bss                bsp_usart.o
    0x2000fa34        -       0x0000f000   Zero   RW         9782    .bss                heap_4.o
    0x2001ea34        -       0x00000040   Zero   RW         9981    .bss                queue.o
    0x2001ea74        -       0x000001a4   Zero   RW        10219    .bss                tasks.o
    0x2001ec18        -       0x00000028   Zero   RW        10554    .bss                timers.o
    0x2001ec40        -       0x0000000c   Zero   RW        11491    .bss                ff.o
    0x2001ec4c   COMPRESSED   0x00000004   PAD
    0x2001ec50        -       0x00003200   Zero   RW        12375    HEAP                startup_stm32f427xx.o
    0x20021e50        -       0x00000400   Zero   RW        12374    STACK               startup_stm32f427xx.o


==============================================================================

Image component sizes


      Code (inc. data)   RO Data    RW Data    ZI Data      Debug   Object Name

         0          0          0          0          0        548   adrc.o
      1058         12          0          0          0       3236   algebra.o
        84          6          0          4          0     441609   app_init.o
       842        114          0          2         36      13427   auto_auxiliary.o
      1944        222          0          8         36       4304   auto_infantry.o
      4820        494          0        120         36       8318   auto_sentry.o
      2396        240          0          1         36       6018   auto_tank.o
      1488        142          0         12          0       7931   auto_task.o
       384         38          0          0         36       1821   auto_uav.o
       312         34         28          0          0      19148   bsp_can.o
       248         10        960          0          0       8524   bsp_dma.o
       592         38          0          0          0       2998   bsp_exit.o
       488         36       1408          0          0      19767   bsp_gpio.o
       320          6          0          0          0       1751   bsp_pwm.o
       500         56          0          0          0       3872   bsp_spi_hw.o
       448         98          0          0          0       1588   bsp_timer.o
      2474        468          0          4       4864      23387   bsp_usart.o
         2          0          0          0          0        438   bsp_watchdog.o
       148         22          0          0         96       1292   cali.o
      1160        134          0          0        100       5492   cansend.o
      3468        222          0          0        384       7432   chassis.o
        76         18          0          0         24       1205   clockcount.o
      2258        218       3107       1672          0      16867   config.o
      1256        202          0          6         12       6461   control.o
         4          0          0          0          0       1011   cpu_utils.o
         8          0          0          0          0        507   data_transmission.o
       484         36          0         43         76       9997   deforming.o
       248          4          0          0          0       2002   differential_calculation.o
       322          6          0          0          0       5620   diskio.o
       300         22          0          0        304       2041   driver_adc.o
       604         80          0       3048        194       5803   driver_beep.o
        96         10          0          0          0        593   driver_clockcount.o
        36          8          0          0         12       1160   driver_coder.o
       772         74          0          1        160       7776   driver_dmmotor.o
       440         54          0          0          0       3157   driver_flash.o
      1458         42        796          4        258      27674   driver_judge.o
      1542         90          0         56         76       7675   driver_mpu6500.o
       368         12          0          0        308       3203   driver_power.o
       100          4          0          0          0       1160   driver_powercontol.o
       372          6          0          0          0       3573   driver_rmdt7.o
      1228         50          0         32        456      10006   driver_rmmotor.o
      7490        400          0         16        704      33937   driver_sdcard.o
       220         30          0          0        426       4526   driver_sk6812.o
        80          0          0          0          0       1177   driver_slave_sensor.o
        46          6          0          0       3960       6168   driver_usbvcp.o
       716          8          0         16        240       2334   driver_vl53l0x.o
        26          0          0          0          0       9628   event_groups.o
      6214         44          0          2         12      34260   ff.o
      3774        302          0        196        168      13214   gimbal.o
       692         62          0         24      61440      12111   heap_4.o
       124         24          0          0        224       3122   imu.o
       724         96          0          2          0       2314   isp_can.o
       290          8          0          0          0       3403   isp_exit.o
       280         40          0          0          0       5606   isp_tim.o
       892        144          0          3          0       4492   isp_usart.o
       760         38          0          0        508       3497   judge.o
      3168        204          0         24         40       7924   keyboard.o
       148          0          0          0          0       3086   list.o
       352         66          0          0         16       2822   local_id.o
        72         34          0          4          0        971   main.o
       140         24          0          0          0       1679   misc.o
       932         70          0          4          0       8939   parameter.o
       710         10          0          0          0       2841   pid.o
       310         18          0          0         31       3693   pneumatic.o
       998         92          0         12          0      11381   port.o
      1728        226          0         16        256       5835   power.o
      1182         70          0          4        736       7059   processing.o
      1780         20          0          0         64      12946   queue.o
       126          4          0          0          0       3456   ramp.o
       956        116          0          0        148       6665   rc.o
      4594        420          0         24        280      19696   shoot.o
      2572        230          0          2        108      12337   slave_sensor.o
      2710          8          0          0          0      21183   srcdkf.o
        36          8        428          0      13824        848   startup_stm32f427xx.o
       392         24          0          0          0       5827   stm32f4xx_adc.o
      1782         42          0          0          0       8239   stm32f4xx_can.o
       700         72          0          0          0       6698   stm32f4xx_dma.o
       196         22          0          0          0       2825   stm32f4xx_exti.o
       458         52          0          0          0       5925   stm32f4xx_flash.o
       214          0          0          0          0       1903   stm32f4xx_gpio.o
        36          4          0          0          0       3105   stm32f4xx_it.o
       360         42          0         16          0       5468   stm32f4xx_rcc.o
       208         38          0          0          0       5997   stm32f4xx_sdio.o
        84          0          0          0          0       1869   stm32f4xx_spi.o
        64          4          0          0          0        692   stm32f4xx_syscfg.o
       948         66          0          0          0      12011   stm32f4xx_tim.o
       430          8          0          0          0       5167   stm32f4xx_usart.o
      2532        206          0         92         28      12386   supervisor.o
       208         20          0          0         32       1721   supply.o
       340         32          0          0          0       1725   system_stm32f4xx.o
      3136        416          0         68        420      22494   tasks.o
       732         88          0          0        560       7212   tf_card_parameter.o
      1178        112          0         20         40       9275   timers.o
      1396        152          0          0         28       6069   type_robot.o
      1744          4          0          0          0      32101   usb_core.o
       436          0          0          0          0       4718   usb_dcd.o
      2240         98          0          0          0       9983   usb_dcd_int.o
       712          6          0         52          0       9954   usbd_core.o
       178          0          0          0          0       3928   usbd_ioreq.o
      1654         56          0         13          0       9597   usbd_req.o
       164         22          0      41120          0       4830   util.o
      5822        468          0        152        840      18554   vision.o
      1232         74          0          0         40       6778   vision_ukf.o
      2056        168          0          2         28       6847   warning.o
         0          0          0          0        178       2536   wireless.o

    ----------------------------------------------------------------------
    111724       8446       6760      46916      92924    1209976   Object Totals
         0          0         32          0          0          0   (incl. Generated)
       102          0          1         19         41          0   (incl. Padding)

    ----------------------------------------------------------------------

      Code (inc. data)   RO Data    RW Data    ZI Data      Debug   Library Member Name

         0          0       2052          0          0       4636   arm_common_tables.o
       120         12          0          0          0      17018   arm_cos_f32.o
       148          0          0          0          0       1191   arm_fill_f32.o
         8          0          0          0          0        931   arm_mat_init_f32.o
       316          4          0          0          0       2303   arm_mat_mult_f32.o
       276          0          0          0          0       2168   arm_mat_trans_f32.o
       132         14          0          0          0        750   arm_sin_f32.o
       728        106        152          0          0        228   atan.o
       200         20          0          0          0        164   cos.o
       368         46         48          0          0        200   cos_i.o
       336         56          0          0          0        136   cosf.o
        84         16          0          0          0        372   dunder.o
        44          0          0          0          0        248   fabs.o
        48          0          0          0          0        124   fpclassify.o
        38          0          0          0          0        116   fpclassifyf.o
        38         12          0          0          0        348   funder.o
       248          0          0          0          0        152   poly.o
      1080        142        200          0          0        188   rred.o
       340         24         32          0          0        160   rredf.o
       200         20          0          0          0        164   sin.o
       304         24         40          0          0        208   sin_i.o
       400         56          0          0          0        212   sinf.o
        86          0          0          0          0          0   __dczerorl2.o
        28          0          0          0          0         68   _chval.o
       812          4          0          0          0        112   _scanf.o
       332          0          0          0          0         96   _scanf_int.o
       342          0          0          0          0        100   _scanf_longlong.o
       224          0          0          0          0         96   _scanf_str.o
        64          0          0          0          0         84   _sgetc.o
        40          6         64          0          0         68   ctype_c.o
         0          0          0          0          0          0   entry.o
         0          0          0          0          0          0   entry10a.o
         0          0          0          0          0          0   entry11a.o
         8          4          0          0          0          0   entry2.o
         4          0          0          0          0          0   entry5.o
         0          0          0          0          0          0   entry7b.o
         0          0          0          0          0          0   entry8b.o
         8          4          0          0          0          0   entry9a.o
        12          6          0          4          0         68   errno.o
        30          0          0          0          0          0   handlers.o
        36          8          0          0          0         68   init.o
        10          0          0          0          0         68   isspace_c.o
         0          0          0          0          0          0   iusefp.o
        98          0          0          0          0         84   ldiv.o
        30          0          0          0          0         68   llshl.o
        36          0          0          0          0         68   llsshr.o
        32          0          0          0          0         68   llushr.o
       188         20          0          0          0        160   malloc.o
        36          0          0          0          0         68   memcpya.o
        36          0          0          0          0        108   memseta.o
         0          0          0          8          0          0   mvars.o
      2308         96          0          0          0        604   printfa.o
        36         10          0          4          0        136   rand.o
        40          8          0          0          0         84   scanf_char.o
       878         12          0          0          0        216   scanf_fp.o
        56          8          0          0          0         84   sscanf.o
        24          0          0          0          0         68   strcat.o
        18          0          0          0          0         68   strcpy.o
        50          0          0          0          0         84   strncasecmp.o
        12          0          0          0          0         68   tolower.o
        44          0          0          0          0         80   uidiv.o
        98          0          0          0          0         92   uldiv.o
        48          0          0          0          0         68   cdcmple.o
        48          0          0          0          0         68   cdrcmple.o
        56          0          0          0          0         88   d2f.o
       334          0          0          0          0        148   dadd.o
       222          0          0          0          0        100   ddiv.o
       186          0          0          0          0        176   depilogue.o
        62          0          0          0          0         80   dfixi.o
        48          0          0          0          0         68   dfixul.o
        34          0          0          0          0         76   dflti.o
        26          0          0          0          0         76   dfltui.o
        24          0          0          0          0         76   dfltul.o
       228          0          0          0          0         96   dmul.o
        38          0          0          0          0         68   f2d.o
       110          0          0          0          0        168   fepilogue.o

    ----------------------------------------------------------------------
     13000        738       2592         16          0      36409   Library Totals
        24          0          4          0          0          0   (incl. Padding)

    ----------------------------------------------------------------------

      Code (inc. data)   RO Data    RW Data    ZI Data      Debug   Library Name

      1000         30       2052          0          0      28997   arm_cortexM4lf_math.lib
      4456        522        472          0          0       3020   m_wm.l
      6056        186         64         16          0       3036   mc_w.l
      1464          0          0          0          0       1356   mf_w.l

    ----------------------------------------------------------------------
     13000        738       2592         16          0      36409   Library Totals

    ----------------------------------------------------------------------

==============================================================================


      Code (inc. data)   RO Data    RW Data    ZI Data      Debug   

    124724       9184       9352      46932      92924    1171173   Grand Totals
    124724       9184       9352       1404      92924    1171173   ELF Image Totals (compressed)
    124724       9184       9352       1404          0          0   ROM Totals

==============================================================================

    Total RO  Size (Code + RO Data)               134076 ( 130.93kB)
    Total RW  Size (RW Data + ZI Data)            139856 ( 136.58kB)
    Total ROM Size (Code + RO Data + RW Data)     135480 ( 132.30kB)

==============================================================================

